ThreadID: [134] TenantID: [] [2026-10-04 00:00:55,068]  INFO {APIM_GOV_AUDIT_LOG} - [Scheduler Thread Pool Status] :: Active Thread Count: 0 -- | -- Completed Task Count: 5 -- | -- Submitted Task Count: 5 -- | -- Queue Size: 0 -- | -- Core Pool Size: 20 -- | -- Maximum Pool Size: 20 -- | -- Current Pool Size: 5
ThreadID: [134] TenantID: [] [2026-10-04 00:00:55,068]  INFO {APIM_GOV_AUDIT_LOG} - [Delete Processing Requests] :: Deleted 0 long-lasting processing requests with IDs: []
ThreadID: [134] TenantID: [] [2026-10-04 00:00:55,068]  INFO {APIM_GOV_AUDIT_LOG} - [Fetch Requests] :: Scheduler fetched 0 requests with IDs: []
ThreadID: [149] TenantID: [] [2026-10-04 12:06:16,270]  INFO {APIM_GOV_AUDIT_LOG} - [Scheduler Thread Pool Status] :: Active Thread Count: 0 -- | -- Completed Task Count: 0 -- | -- Submitted Task Count: 0 -- | -- Queue Size: 0 -- | -- Core Pool Size: 20 -- | -- Maximum Pool Size: 20 -- | -- Current Pool Size: 0
ThreadID: [149] TenantID: [] [2026-10-04 12:06:16,271]  INFO {APIM_GOV_AUDIT_LOG} - [Delete Processing Requests] :: Deleted 0 long-lasting processing requests with IDs: []
ThreadID: [149] TenantID: [] [2026-10-04 12:06:16,271]  INFO {APIM_GOV_AUDIT_LOG} - [Fetch Requests] :: Scheduler fetched 0 requests with IDs: []
ThreadID: [149] TenantID: [] [2026-10-04 12:08:16,270]  INFO {APIM_GOV_AUDIT_LOG} - [Scheduler Thread Pool Status] :: Active Thread Count: 0 -- | -- Completed Task Count: 0 -- | -- Submitted Task Count: 0 -- | -- Queue Size: 0 -- | -- Core Pool Size: 20 -- | -- Maximum Pool Size: 20 -- | -- Current Pool Size: 0
ThreadID: [149] TenantID: [] [2026-10-04 12:08:16,270]  INFO {APIM_GOV_AUDIT_LOG} - [Delete Processing Requests] :: Deleted 0 long-lasting processing requests with IDs: []
ThreadID: [149] TenantID: [] [2026-10-04 12:08:16,270]  INFO {APIM_GOV_AUDIT_LOG} - [Fetch Requests] :: Scheduler fetched 0 requests with IDs: []
ThreadID: [149] TenantID: [] [2026-10-04 12:10:16,270]  INFO {APIM_GOV_AUDIT_LOG} - [Scheduler Thread Pool Status] :: Active Thread Count: 0 -- | -- Completed Task Count: 0 -- | -- Submitted Task Count: 0 -- | -- Queue Size: 0 -- | -- Core Pool Size: 20 -- | -- Maximum Pool Size: 20 -- | -- Current Pool Size: 0
ThreadID: [149] TenantID: [] [2026-10-04 12:10:16,270]  INFO {APIM_GOV_AUDIT_LOG} - [Delete Processing Requests] :: Deleted 0 long-lasting processing requests with IDs: []
ThreadID: [149] TenantID: [] [2026-10-04 12:10:16,270]  INFO {APIM_GOV_AUDIT_LOG} - [Fetch Requests] :: Scheduler fetched 0 requests with IDs: []
ThreadID: [149] TenantID: [] [2026-10-04 12:12:16,270]  INFO {APIM_GOV_AUDIT_LOG} - [Scheduler Thread Pool Status] :: Active Thread Count: 0 -- | -- Completed Task Count: 0 -- | -- Submitted Task Count: 0 -- | -- Queue Size: 0 -- | -- Core Pool Size: 20 -- | -- Maximum Pool Size: 20 -- | -- Current Pool Size: 0
ThreadID: [149] TenantID: [] [2026-10-04 12:12:16,270]  INFO {APIM_GOV_AUDIT_LOG} - [Delete Processing Requests] :: Deleted 0 long-lasting processing requests with IDs: []
ThreadID: [149] TenantID: [] [2026-10-04 12:12:16,270]  INFO {APIM_GOV_AUDIT_LOG} - [Fetch Requests] :: Scheduler fetched 0 requests with IDs: []
ThreadID: [149] TenantID: [] [2026-10-04 12:14:16,269]  INFO {APIM_GOV_AUDIT_LOG} - [Scheduler Thread Pool Status] :: Active Thread Count: 0 -- | -- Completed Task Count: 0 -- | -- Submitted Task Count: 0 -- | -- Queue Size: 0 -- | -- Core Pool Size: 20 -- | -- Maximum Pool Size: 20 -- | -- Current Pool Size: 0
ThreadID: [149] TenantID: [] [2026-10-04 12:14:16,269]  INFO {APIM_GOV_AUDIT_LOG} - [Delete Processing Requests] :: Deleted 0 long-lasting processing requests with IDs: []
ThreadID: [149] TenantID: [] [2026-10-04 12:14:16,269]  INFO {APIM_GOV_AUDIT_LOG} - [Fetch Requests] :: Scheduler fetched 0 requests with IDs: []
ThreadID: [149] TenantID: [] [2026-10-04 12:16:16,270]  INFO {APIM_GOV_AUDIT_LOG} - [Scheduler Thread Pool Status] :: Active Thread Count: 0 -- | -- Completed Task Count: 0 -- | -- Submitted Task Count: 0 -- | -- Queue Size: 0 -- | -- Core Pool Size: 20 -- | -- Maximum Pool Size: 20 -- | -- Current Pool Size: 0
ThreadID: [149] TenantID: [] [2026-10-04 12:16:16,270]  INFO {APIM_GOV_AUDIT_LOG} - [Delete Processing Requests] :: Deleted 0 long-lasting processing requests with IDs: []
ThreadID: [149] TenantID: [] [2026-10-04 12:16:16,270]  INFO {APIM_GOV_AUDIT_LOG} - [Fetch Requests] :: Scheduler fetched 0 requests with IDs: []
ThreadID: [149] TenantID: [] [2026-10-04 12:18:16,270]  INFO {APIM_GOV_AUDIT_LOG} - [Scheduler Thread Pool Status] :: Active Thread Count: 0 -- | -- Completed Task Count: 0 -- | -- Submitted Task Count: 0 -- | -- Queue Size: 0 -- | -- Core Pool Size: 20 -- | -- Maximum Pool Size: 20 -- | -- Current Pool Size: 0
ThreadID: [149] TenantID: [] [2026-10-04 12:18:16,270]  INFO {APIM_GOV_AUDIT_LOG} - [Delete Processing Requests] :: Deleted 0 long-lasting processing requests with IDs: []
ThreadID: [149] TenantID: [] [2026-10-04 12:18:16,270]  INFO {APIM_GOV_AUDIT_LOG} - [Fetch Requests] :: Scheduler fetched 0 requests with IDs: []
ThreadID: [149] TenantID: [] [2026-10-04 12:20:16,270]  INFO {APIM_GOV_AUDIT_LOG} - [Scheduler Thread Pool Status] :: Active Thread Count: 0 -- | -- Completed Task Count: 0 -- | -- Submitted Task Count: 0 -- | -- Queue Size: 0 -- | -- Core Pool Size: 20 -- | -- Maximum Pool Size: 20 -- | -- Current Pool Size: 0
ThreadID: [149] TenantID: [] [2026-10-04 12:20:16,270]  INFO {APIM_GOV_AUDIT_LOG} - [Delete Processing Requests] :: Deleted 0 long-lasting processing requests with IDs: []
ThreadID: [149] TenantID: [] [2026-10-04 12:20:16,270]  INFO {APIM_GOV_AUDIT_LOG} - [Fetch Requests] :: Scheduler fetched 0 requests with IDs: []
ThreadID: [149] TenantID: [] [2026-10-04 12:22:16,270]  INFO {APIM_GOV_AUDIT_LOG} - [Scheduler Thread Pool Status] :: Active Thread Count: 0 -- | -- Completed Task Count: 0 -- | -- Submitted Task Count: 0 -- | -- Queue Size: 0 -- | -- Core Pool Size: 20 -- | -- Maximum Pool Size: 20 -- | -- Current Pool Size: 0
ThreadID: [149] TenantID: [] [2026-10-04 12:22:16,270]  INFO {APIM_GOV_AUDIT_LOG} - [Delete Processing Requests] :: Deleted 0 long-lasting processing requests with IDs: []
ThreadID: [149] TenantID: [] [2026-10-04 12:22:16,270]  INFO {APIM_GOV_AUDIT_LOG} - [Fetch Requests] :: Scheduler fetched 0 requests with IDs: []
ThreadID: [149] TenantID: [] [2026-10-04 12:24:17,662]  INFO {APIM_GOV_AUDIT_LOG} - [Scheduler Thread Pool Status] :: Active Thread Count: 0 -- | -- Completed Task Count: 0 -- | -- Submitted Task Count: 0 -- | -- Queue Size: 0 -- | -- Core Pool Size: 20 -- | -- Maximum Pool Size: 20 -- | -- Current Pool Size: 0
ThreadID: [149] TenantID: [] [2026-10-04 12:24:17,662]  INFO {APIM_GOV_AUDIT_LOG} - [Delete Processing Requests] :: Deleted 0 long-lasting processing requests with IDs: []
ThreadID: [149] TenantID: [] [2026-10-04 12:24:17,662]  INFO {APIM_GOV_AUDIT_LOG} - [Fetch Requests] :: Scheduler fetched 0 requests with IDs: []
ThreadID: [149] TenantID: [] [2026-10-04 12:26:17,663]  INFO {APIM_GOV_AUDIT_LOG} - [Scheduler Thread Pool Status] :: Active Thread Count: 0 -- | -- Completed Task Count: 0 -- | -- Submitted Task Count: 0 -- | -- Queue Size: 0 -- | -- Core Pool Size: 20 -- | -- Maximum Pool Size: 20 -- | -- Current Pool Size: 0
ThreadID: [149] TenantID: [] [2026-10-04 12:26:17,663]  INFO {APIM_GOV_AUDIT_LOG} - [Delete Processing Requests] :: Deleted 0 long-lasting processing requests with IDs: []
ThreadID: [149] TenantID: [] [2026-10-04 12:26:17,663]  INFO {APIM_GOV_AUDIT_LOG} - [Fetch Requests] :: Scheduler fetched 0 requests with IDs: []
ThreadID: [149] TenantID: [] [2026-10-04 12:28:17,662]  INFO {APIM_GOV_AUDIT_LOG} - [Scheduler Thread Pool Status] :: Active Thread Count: 0 -- | -- Completed Task Count: 0 -- | -- Submitted Task Count: 0 -- | -- Queue Size: 0 -- | -- Core Pool Size: 20 -- | -- Maximum Pool Size: 20 -- | -- Current Pool Size: 0
ThreadID: [149] TenantID: [] [2026-10-04 12:28:17,662]  INFO {APIM_GOV_AUDIT_LOG} - [Delete Processing Requests] :: Deleted 0 long-lasting processing requests with IDs: []
ThreadID: [149] TenantID: [] [2026-10-04 12:28:17,662]  INFO {APIM_GOV_AUDIT_LOG} - [Fetch Requests] :: Scheduler fetched 0 requests with IDs: []
ThreadID: [149] TenantID: [] [2026-10-04 12:30:17,665]  INFO {APIM_GOV_AUDIT_LOG} - [Scheduler Thread Pool Status] :: Active Thread Count: 0 -- | -- Completed Task Count: 0 -- | -- Submitted Task Count: 0 -- | -- Queue Size: 0 -- | -- Core Pool Size: 20 -- | -- Maximum Pool Size: 20 -- | -- Current Pool Size: 0
ThreadID: [149] TenantID: [] [2026-10-04 12:30:17,665]  INFO {APIM_GOV_AUDIT_LOG} - [Delete Processing Requests] :: Deleted 0 long-lasting processing requests with IDs: []
ThreadID: [149] TenantID: [] [2026-10-04 12:30:17,665]  INFO {APIM_GOV_AUDIT_LOG} - [Fetch Requests] :: Scheduler fetched 0 requests with IDs: []
ThreadID: [149] TenantID: [] [2026-10-04 12:32:17,662]  INFO {APIM_GOV_AUDIT_LOG} - [Scheduler Thread Pool Status] :: Active Thread Count: 0 -- | -- Completed Task Count: 0 -- | -- Submitted Task Count: 0 -- | -- Queue Size: 0 -- | -- Core Pool Size: 20 -- | -- Maximum Pool Size: 20 -- | -- Current Pool Size: 0
ThreadID: [149] TenantID: [] [2026-10-04 12:32:17,662]  INFO {APIM_GOV_AUDIT_LOG} - [Delete Processing Requests] :: Deleted 0 long-lasting processing requests with IDs: []
ThreadID: [149] TenantID: [] [2026-10-04 12:32:17,662]  INFO {APIM_GOV_AUDIT_LOG} - [Fetch Requests] :: Scheduler fetched 0 requests with IDs: []
ThreadID: [149] TenantID: [] [2026-10-04 12:34:17,662]  INFO {APIM_GOV_AUDIT_LOG} - [Scheduler Thread Pool Status] :: Active Thread Count: 0 -- | -- Completed Task Count: 0 -- | -- Submitted Task Count: 0 -- | -- Queue Size: 0 -- | -- Core Pool Size: 20 -- | -- Maximum Pool Size: 20 -- | -- Current Pool Size: 0
ThreadID: [149] TenantID: [] [2026-10-04 12:34:17,662]  INFO {APIM_GOV_AUDIT_LOG} - [Delete Processing Requests] :: Deleted 0 long-lasting processing requests with IDs: []
ThreadID: [149] TenantID: [] [2026-10-04 12:34:17,662]  INFO {APIM_GOV_AUDIT_LOG} - [Fetch Requests] :: Scheduler fetched 0 requests with IDs: []
ThreadID: [149] TenantID: [] [2026-10-04 12:36:17,662]  INFO {APIM_GOV_AUDIT_LOG} - [Scheduler Thread Pool Status] :: Active Thread Count: 0 -- | -- Completed Task Count: 0 -- | -- Submitted Task Count: 0 -- | -- Queue Size: 0 -- | -- Core Pool Size: 20 -- | -- Maximum Pool Size: 20 -- | -- Current Pool Size: 0
ThreadID: [149] TenantID: [] [2026-10-04 12:36:17,662]  INFO {APIM_GOV_AUDIT_LOG} - [Delete Processing Requests] :: Deleted 0 long-lasting processing requests with IDs: []
ThreadID: [149] TenantID: [] [2026-10-04 12:36:17,662]  INFO {APIM_GOV_AUDIT_LOG} - [Fetch Requests] :: Scheduler fetched 0 requests with IDs: []
ThreadID: [149] TenantID: [] [2026-10-04 12:38:17,662]  INFO {APIM_GOV_AUDIT_LOG} - [Scheduler Thread Pool Status] :: Active Thread Count: 0 -- | -- Completed Task Count: 0 -- | -- Submitted Task Count: 0 -- | -- Queue Size: 0 -- | -- Core Pool Size: 20 -- | -- Maximum Pool Size: 20 -- | -- Current Pool Size: 0
ThreadID: [149] TenantID: [] [2026-10-04 12:38:17,662]  INFO {APIM_GOV_AUDIT_LOG} - [Delete Processing Requests] :: Deleted 0 long-lasting processing requests with IDs: []
ThreadID: [149] TenantID: [] [2026-10-04 12:38:17,662]  INFO {APIM_GOV_AUDIT_LOG} - [Fetch Requests] :: Scheduler fetched 0 requests with IDs: []
ThreadID: [149] TenantID: [] [2026-10-04 12:40:17,662]  INFO {APIM_GOV_AUDIT_LOG} - [Scheduler Thread Pool Status] :: Active Thread Count: 0 -- | -- Completed Task Count: 0 -- | -- Submitted Task Count: 0 -- | -- Queue Size: 0 -- | -- Core Pool Size: 20 -- | -- Maximum Pool Size: 20 -- | -- Current Pool Size: 0
ThreadID: [149] TenantID: [] [2026-10-04 12:40:17,662]  INFO {APIM_GOV_AUDIT_LOG} - [Delete Processing Requests] :: Deleted 0 long-lasting processing requests with IDs: []
ThreadID: [149] TenantID: [] [2026-10-04 12:40:17,662]  INFO {APIM_GOV_AUDIT_LOG} - [Fetch Requests] :: Scheduler fetched 0 requests with IDs: []
ThreadID: [149] TenantID: [] [2026-10-04 12:42:17,663]  INFO {APIM_GOV_AUDIT_LOG} - [Scheduler Thread Pool Status] :: Active Thread Count: 0 -- | -- Completed Task Count: 0 -- | -- Submitted Task Count: 0 -- | -- Queue Size: 0 -- | -- Core Pool Size: 20 -- | -- Maximum Pool Size: 20 -- | -- Current Pool Size: 0
ThreadID: [149] TenantID: [] [2026-10-04 12:42:17,663]  INFO {APIM_GOV_AUDIT_LOG} - [Delete Processing Requests] :: Deleted 0 long-lasting processing requests with IDs: []
ThreadID: [149] TenantID: [] [2026-10-04 12:42:17,663]  INFO {APIM_GOV_AUDIT_LOG} - [Fetch Requests] :: Scheduler fetched 0 requests with IDs: []
ThreadID: [149] TenantID: [] [2026-10-04 12:44:17,662]  INFO {APIM_GOV_AUDIT_LOG} - [Scheduler Thread Pool Status] :: Active Thread Count: 0 -- | -- Completed Task Count: 0 -- | -- Submitted Task Count: 0 -- | -- Queue Size: 0 -- | -- Core Pool Size: 20 -- | -- Maximum Pool Size: 20 -- | -- Current Pool Size: 0
ThreadID: [149] TenantID: [] [2026-10-04 12:44:17,662]  INFO {APIM_GOV_AUDIT_LOG} - [Delete Processing Requests] :: Deleted 0 long-lasting processing requests with IDs: []
ThreadID: [149] TenantID: [] [2026-10-04 12:44:17,662]  INFO {APIM_GOV_AUDIT_LOG} - [Fetch Requests] :: Scheduler fetched 0 requests with IDs: []
ThreadID: [986] TenantID: [] [2026-10-04 12:45:15,319]  INFO {APIM_GOV_AUDIT_LOG} - [New Async Eval Request] :: New compliance evaluation request for artifact d5401805-1635-4547-a303-78e05ef20fc0 with policy IDs [e404809e-e6ad-46f4-95a1-e1a8e1034d8e]
ThreadID: [986] TenantID: [] [2026-10-04 12:45:15,524]  INFO {APIM_GOV_AUDIT_LOG} - [New Async Eval Request] :: New compliance evaluation request for artifact d5401805-1635-4547-a303-78e05ef20fc0 with policy IDs [e404809e-e6ad-46f4-95a1-e1a8e1034d8e]
ThreadID: [986] TenantID: [] [2026-10-04 12:45:15,524]  INFO {APIM_GOV_AUDIT_LOG} - [New Async Eval Request] :: New compliance evaluation request for artifact d5401805-1635-4547-a303-78e05ef20fc0 with policy IDs [e404809e-e6ad-46f4-95a1-e1a8e1034d8e]
ThreadID: [986] TenantID: [] [2026-10-04 12:45:15,605]  INFO {APIM_GOV_AUDIT_LOG} - [New Async Eval Request] :: New compliance evaluation request for artifact d5401805-1635-4547-a303-78e05ef20fc0 with policy IDs [e404809e-e6ad-46f4-95a1-e1a8e1034d8e]
ThreadID: [986] TenantID: [] [2026-10-04 12:45:15,605]  INFO {APIM_GOV_AUDIT_LOG} - [New Async Eval Request] :: New compliance evaluation request for artifact d5401805-1635-4547-a303-78e05ef20fc0 with policy IDs [e404809e-e6ad-46f4-95a1-e1a8e1034d8e]
ThreadID: [986] TenantID: [] [2026-10-04 12:45:15,631]  INFO {APIM_GOV_AUDIT_LOG} - [New Async Eval Request] :: New compliance evaluation request for artifact d5401805-1635-4547-a303-78e05ef20fc0 with policy IDs [e404809e-e6ad-46f4-95a1-e1a8e1034d8e]
ThreadID: [986] TenantID: [] [2026-10-04 12:45:15,631]  INFO {APIM_GOV_AUDIT_LOG} - [New Async Eval Request] :: New compliance evaluation request for artifact d5401805-1635-4547-a303-78e05ef20fc0 with policy IDs [e404809e-e6ad-46f4-95a1-e1a8e1034d8e]
ThreadID: [986] TenantID: [] [2026-10-04 12:46:14,090]  INFO {APIM_GOV_AUDIT_LOG} - [New Async Eval Request] :: New compliance evaluation request for artifact d5401805-1635-4547-a303-78e05ef20fc0 with policy IDs [e404809e-e6ad-46f4-95a1-e1a8e1034d8e]
ThreadID: [986] TenantID: [] [2026-10-04 12:46:14,090]  INFO {APIM_GOV_AUDIT_LOG} - [New Async Eval Request] :: New compliance evaluation request for artifact d5401805-1635-4547-a303-78e05ef20fc0 with policy IDs [e404809e-e6ad-46f4-95a1-e1a8e1034d8e]
ThreadID: [986] TenantID: [] [2026-10-04 12:46:16,063]  INFO {APIM_GOV_AUDIT_LOG} - [New Async Eval Request] :: New compliance evaluation request for artifact d5401805-1635-4547-a303-78e05ef20fc0 with policy IDs [e404809e-e6ad-46f4-95a1-e1a8e1034d8e]
ThreadID: [986] TenantID: [] [2026-10-04 12:46:16,063]  INFO {APIM_GOV_AUDIT_LOG} - [New Async Eval Request] :: New compliance evaluation request for artifact d5401805-1635-4547-a303-78e05ef20fc0 with policy IDs [e404809e-e6ad-46f4-95a1-e1a8e1034d8e]
ThreadID: [986] TenantID: [] [2026-10-04 12:46:16,098]  INFO {APIM_GOV_AUDIT_LOG} - [New Async Eval Request] :: New compliance evaluation request for artifact d5401805-1635-4547-a303-78e05ef20fc0 with policy IDs [e404809e-e6ad-46f4-95a1-e1a8e1034d8e]
ThreadID: [986] TenantID: [] [2026-10-04 12:46:16,098]  INFO {APIM_GOV_AUDIT_LOG} - [New Async Eval Request] :: New compliance evaluation request for artifact d5401805-1635-4547-a303-78e05ef20fc0 with policy IDs [e404809e-e6ad-46f4-95a1-e1a8e1034d8e]
ThreadID: [149] TenantID: [] [2026-10-04 12:46:17,663]  INFO {APIM_GOV_AUDIT_LOG} - [Scheduler Thread Pool Status] :: Active Thread Count: 0 -- | -- Completed Task Count: 0 -- | -- Submitted Task Count: 0 -- | -- Queue Size: 0 -- | -- Core Pool Size: 20 -- | -- Maximum Pool Size: 20 -- | -- Current Pool Size: 0
ThreadID: [149] TenantID: [] [2026-10-04 12:46:17,663]  INFO {APIM_GOV_AUDIT_LOG} - [Delete Processing Requests] :: Deleted 0 long-lasting processing requests with IDs: []
ThreadID: [149] TenantID: [] [2026-10-04 12:46:17,663]  INFO {APIM_GOV_AUDIT_LOG} - [Fetch Requests] :: Scheduler fetched 1 requests with IDs: [774c0e0e-170f-492f-a9f0-d8283b9c32a6]
ThreadID: [1040] TenantID: [] [2026-10-04 12:46:17,667]  INFO {APIM_GOV_AUDIT_LOG} - [Async Eval Request] :: Processing request 774c0e0e-170f-492f-a9f0-d8283b9c32a6 for artifact d5401805-1635-4547-a303-78e05ef20fc0 in carbon.super organization
ThreadID: [1040] TenantID: [] [2026-10-04 12:46:18,091]  INFO {APIM_GOV_AUDIT_LOG} - [Async Eval Request] :: Validated artifact d5401805-1635-4547-a303-78e05ef20fc0 in organization carbon.super against ruleset 3ae5cc93-a81d-44a9-a14d-8d7b7c6984b7
ThreadID: [1040] TenantID: [] [2026-10-04 12:46:18,108]  INFO {APIM_GOV_AUDIT_LOG} - [Async Eval Request] :: Validated artifact d5401805-1635-4547-a303-78e05ef20fc0 in organization carbon.super against ruleset f6c41731-0796-4761-85f7-96b6d807aa43
ThreadID: [1040] TenantID: [] [2026-10-04 12:46:18,112]  INFO {APIM_GOV_AUDIT_LOG} - [Async Eval Request] :: Artifact d5401805-1635-4547-a303-78e05ef20fc0 evaluated against policy e404809e-e6ad-46f4-95a1-e1a8e1034d8e in organization carbon.super
ThreadID: [1040] TenantID: [] [2026-10-04 12:46:18,112]  INFO {APIM_GOV_AUDIT_LOG} - [Async Eval Request] :: Request 774c0e0e-170f-492f-a9f0-d8283b9c32a6 processed successfully for artifact d5401805-1635-4547-a303-78e05ef20fc0 in organization carbon.super
ThreadID: [1069] TenantID: [] [2026-10-04 12:47:50,571]  INFO {APIM_GOV_AUDIT_LOG} - [New Async Eval Request] :: New compliance evaluation request for artifact d5401805-1635-4547-a303-78e05ef20fc0 with policy IDs [e404809e-e6ad-46f4-95a1-e1a8e1034d8e]
ThreadID: [1069] TenantID: [] [2026-10-04 12:47:50,571]  INFO {APIM_GOV_AUDIT_LOG} - [New Async Eval Request] :: New compliance evaluation request for artifact d5401805-1635-4547-a303-78e05ef20fc0 with policy IDs [e404809e-e6ad-46f4-95a1-e1a8e1034d8e]
ThreadID: [1069] TenantID: [] [2026-10-04 12:47:51,890]  INFO {APIM_GOV_AUDIT_LOG} - [New Async Eval Request] :: New compliance evaluation request for artifact d5401805-1635-4547-a303-78e05ef20fc0 with policy IDs [e404809e-e6ad-46f4-95a1-e1a8e1034d8e]
ThreadID: [1069] TenantID: [] [2026-10-04 12:47:51,890]  INFO {APIM_GOV_AUDIT_LOG} - [New Async Eval Request] :: New compliance evaluation request for artifact d5401805-1635-4547-a303-78e05ef20fc0 with policy IDs [e404809e-e6ad-46f4-95a1-e1a8e1034d8e]
ThreadID: [1069] TenantID: [] [2026-10-04 12:47:51,929]  INFO {APIM_GOV_AUDIT_LOG} - [New Async Eval Request] :: New compliance evaluation request for artifact d5401805-1635-4547-a303-78e05ef20fc0 with policy IDs [e404809e-e6ad-46f4-95a1-e1a8e1034d8e]
ThreadID: [1069] TenantID: [] [2026-10-04 12:47:51,929]  INFO {APIM_GOV_AUDIT_LOG} - [New Async Eval Request] :: New compliance evaluation request for artifact d5401805-1635-4547-a303-78e05ef20fc0 with policy IDs [e404809e-e6ad-46f4-95a1-e1a8e1034d8e]
ThreadID: [149] TenantID: [] [2026-10-04 12:48:17,661]  INFO {APIM_GOV_AUDIT_LOG} - [Scheduler Thread Pool Status] :: Active Thread Count: 0 -- | -- Completed Task Count: 1 -- | -- Submitted Task Count: 1 -- | -- Queue Size: 0 -- | -- Core Pool Size: 20 -- | -- Maximum Pool Size: 20 -- | -- Current Pool Size: 1
ThreadID: [149] TenantID: [] [2026-10-04 12:48:17,661]  INFO {APIM_GOV_AUDIT_LOG} - [Delete Processing Requests] :: Deleted 0 long-lasting processing requests with IDs: []
ThreadID: [149] TenantID: [] [2026-10-04 12:48:17,661]  INFO {APIM_GOV_AUDIT_LOG} - [Fetch Requests] :: Scheduler fetched 1 requests with IDs: [fe734b33-a673-4ac0-8dd7-f5bf798352e7]
ThreadID: [1160] TenantID: [] [2026-10-04 12:48:17,661]  INFO {APIM_GOV_AUDIT_LOG} - [Async Eval Request] :: Processing request fe734b33-a673-4ac0-8dd7-f5bf798352e7 for artifact d5401805-1635-4547-a303-78e05ef20fc0 in carbon.super organization
ThreadID: [1160] TenantID: [] [2026-10-04 12:48:17,742]  INFO {APIM_GOV_AUDIT_LOG} - [Async Eval Request] :: Validated artifact d5401805-1635-4547-a303-78e05ef20fc0 in organization carbon.super against ruleset 3ae5cc93-a81d-44a9-a14d-8d7b7c6984b7
ThreadID: [1160] TenantID: [] [2026-10-04 12:48:17,753]  INFO {APIM_GOV_AUDIT_LOG} - [Async Eval Request] :: Validated artifact d5401805-1635-4547-a303-78e05ef20fc0 in organization carbon.super against ruleset f6c41731-0796-4761-85f7-96b6d807aa43
ThreadID: [1160] TenantID: [] [2026-10-04 12:48:17,755]  INFO {APIM_GOV_AUDIT_LOG} - [Async Eval Request] :: Artifact d5401805-1635-4547-a303-78e05ef20fc0 evaluated against policy e404809e-e6ad-46f4-95a1-e1a8e1034d8e in organization carbon.super
ThreadID: [1160] TenantID: [] [2026-10-04 12:48:17,755]  INFO {APIM_GOV_AUDIT_LOG} - [Async Eval Request] :: Request fe734b33-a673-4ac0-8dd7-f5bf798352e7 processed successfully for artifact d5401805-1635-4547-a303-78e05ef20fc0 in organization carbon.super
ThreadID: [149] TenantID: [] [2026-10-04 12:50:17,663]  INFO {APIM_GOV_AUDIT_LOG} - [Scheduler Thread Pool Status] :: Active Thread Count: 0 -- | -- Completed Task Count: 2 -- | -- Submitted Task Count: 2 -- | -- Queue Size: 0 -- | -- Core Pool Size: 20 -- | -- Maximum Pool Size: 20 -- | -- Current Pool Size: 2
ThreadID: [149] TenantID: [] [2026-10-04 12:50:17,663]  INFO {APIM_GOV_AUDIT_LOG} - [Delete Processing Requests] :: Deleted 0 long-lasting processing requests with IDs: []
ThreadID: [149] TenantID: [] [2026-10-04 12:50:17,663]  INFO {APIM_GOV_AUDIT_LOG} - [Fetch Requests] :: Scheduler fetched 0 requests with IDs: []
ThreadID: [149] TenantID: [] [2026-10-04 12:52:17,663]  INFO {APIM_GOV_AUDIT_LOG} - [Scheduler Thread Pool Status] :: Active Thread Count: 0 -- | -- Completed Task Count: 2 -- | -- Submitted Task Count: 2 -- | -- Queue Size: 0 -- | -- Core Pool Size: 20 -- | -- Maximum Pool Size: 20 -- | -- Current Pool Size: 2
ThreadID: [149] TenantID: [] [2026-10-04 12:52:17,663]  INFO {APIM_GOV_AUDIT_LOG} - [Delete Processing Requests] :: Deleted 0 long-lasting processing requests with IDs: []
ThreadID: [149] TenantID: [] [2026-10-04 12:52:17,663]  INFO {APIM_GOV_AUDIT_LOG} - [Fetch Requests] :: Scheduler fetched 0 requests with IDs: []
ThreadID: [1230] TenantID: [] [2026-10-04 12:53:10,488]  INFO {APIM_GOV_AUDIT_LOG} - [New Async Eval Request] :: New compliance evaluation request for artifact d5401805-1635-4547-a303-78e05ef20fc0 with policy IDs [e404809e-e6ad-46f4-95a1-e1a8e1034d8e]
ThreadID: [1230] TenantID: [] [2026-10-04 12:53:10,489]  INFO {APIM_GOV_AUDIT_LOG} - [New Async Eval Request] :: New compliance evaluation request for artifact d5401805-1635-4547-a303-78e05ef20fc0 with policy IDs [e404809e-e6ad-46f4-95a1-e1a8e1034d8e]
ThreadID: [1230] TenantID: [] [2026-10-04 12:53:12,204]  INFO {APIM_GOV_AUDIT_LOG} - [New Async Eval Request] :: New compliance evaluation request for artifact d5401805-1635-4547-a303-78e05ef20fc0 with policy IDs [e404809e-e6ad-46f4-95a1-e1a8e1034d8e]
ThreadID: [1230] TenantID: [] [2026-10-04 12:53:12,204]  INFO {APIM_GOV_AUDIT_LOG} - [New Async Eval Request] :: New compliance evaluation request for artifact d5401805-1635-4547-a303-78e05ef20fc0 with policy IDs [e404809e-e6ad-46f4-95a1-e1a8e1034d8e]
ThreadID: [1230] TenantID: [] [2026-10-04 12:53:12,239]  INFO {APIM_GOV_AUDIT_LOG} - [New Async Eval Request] :: New compliance evaluation request for artifact d5401805-1635-4547-a303-78e05ef20fc0 with policy IDs [e404809e-e6ad-46f4-95a1-e1a8e1034d8e]
ThreadID: [1230] TenantID: [] [2026-10-04 12:53:12,239]  INFO {APIM_GOV_AUDIT_LOG} - [New Async Eval Request] :: New compliance evaluation request for artifact d5401805-1635-4547-a303-78e05ef20fc0 with policy IDs [e404809e-e6ad-46f4-95a1-e1a8e1034d8e]
ThreadID: [1230] TenantID: [] [2026-10-04 12:54:12,207]  INFO {APIM_GOV_AUDIT_LOG} - [New Async Eval Request] :: New compliance evaluation request for artifact d5401805-1635-4547-a303-78e05ef20fc0 with policy IDs [e404809e-e6ad-46f4-95a1-e1a8e1034d8e]
ThreadID: [1230] TenantID: [] [2026-10-04 12:54:12,207]  INFO {APIM_GOV_AUDIT_LOG} - [New Async Eval Request] :: New compliance evaluation request for artifact d5401805-1635-4547-a303-78e05ef20fc0 with policy IDs [e404809e-e6ad-46f4-95a1-e1a8e1034d8e]
ThreadID: [1230] TenantID: [] [2026-10-04 12:54:14,270]  INFO {APIM_GOV_AUDIT_LOG} - [New Async Eval Request] :: New compliance evaluation request for artifact d5401805-1635-4547-a303-78e05ef20fc0 with policy IDs [e404809e-e6ad-46f4-95a1-e1a8e1034d8e]
ThreadID: [1230] TenantID: [] [2026-10-04 12:54:14,270]  INFO {APIM_GOV_AUDIT_LOG} - [New Async Eval Request] :: New compliance evaluation request for artifact d5401805-1635-4547-a303-78e05ef20fc0 with policy IDs [e404809e-e6ad-46f4-95a1-e1a8e1034d8e]
ThreadID: [1230] TenantID: [] [2026-10-04 12:54:14,301]  INFO {APIM_GOV_AUDIT_LOG} - [New Async Eval Request] :: New compliance evaluation request for artifact d5401805-1635-4547-a303-78e05ef20fc0 with policy IDs [e404809e-e6ad-46f4-95a1-e1a8e1034d8e]
ThreadID: [1230] TenantID: [] [2026-10-04 12:54:14,301]  INFO {APIM_GOV_AUDIT_LOG} - [New Async Eval Request] :: New compliance evaluation request for artifact d5401805-1635-4547-a303-78e05ef20fc0 with policy IDs [e404809e-e6ad-46f4-95a1-e1a8e1034d8e]
ThreadID: [149] TenantID: [] [2026-10-04 12:54:17,662]  INFO {APIM_GOV_AUDIT_LOG} - [Scheduler Thread Pool Status] :: Active Thread Count: 0 -- | -- Completed Task Count: 2 -- | -- Submitted Task Count: 2 -- | -- Queue Size: 0 -- | -- Core Pool Size: 20 -- | -- Maximum Pool Size: 20 -- | -- Current Pool Size: 2
ThreadID: [149] TenantID: [] [2026-10-04 12:54:17,662]  INFO {APIM_GOV_AUDIT_LOG} - [Delete Processing Requests] :: Deleted 0 long-lasting processing requests with IDs: []
ThreadID: [149] TenantID: [] [2026-10-04 12:54:17,662]  INFO {APIM_GOV_AUDIT_LOG} - [Fetch Requests] :: Scheduler fetched 1 requests with IDs: [9670c8dd-9c2e-4313-a14e-28fbc248eb06]
ThreadID: [1408] TenantID: [] [2026-10-04 12:54:17,662]  INFO {APIM_GOV_AUDIT_LOG} - [Async Eval Request] :: Processing request 9670c8dd-9c2e-4313-a14e-28fbc248eb06 for artifact d5401805-1635-4547-a303-78e05ef20fc0 in carbon.super organization
ThreadID: [1408] TenantID: [] [2026-10-04 12:54:17,719]  INFO {APIM_GOV_AUDIT_LOG} - [Async Eval Request] :: Validated artifact d5401805-1635-4547-a303-78e05ef20fc0 in organization carbon.super against ruleset 3ae5cc93-a81d-44a9-a14d-8d7b7c6984b7
ThreadID: [1408] TenantID: [] [2026-10-04 12:54:17,725]  INFO {APIM_GOV_AUDIT_LOG} - [Async Eval Request] :: Validated artifact d5401805-1635-4547-a303-78e05ef20fc0 in organization carbon.super against ruleset f6c41731-0796-4761-85f7-96b6d807aa43
ThreadID: [1408] TenantID: [] [2026-10-04 12:54:17,726]  INFO {APIM_GOV_AUDIT_LOG} - [Async Eval Request] :: Artifact d5401805-1635-4547-a303-78e05ef20fc0 evaluated against policy e404809e-e6ad-46f4-95a1-e1a8e1034d8e in organization carbon.super
ThreadID: [1408] TenantID: [] [2026-10-04 12:54:17,726]  INFO {APIM_GOV_AUDIT_LOG} - [Async Eval Request] :: Request 9670c8dd-9c2e-4313-a14e-28fbc248eb06 processed successfully for artifact d5401805-1635-4547-a303-78e05ef20fc0 in organization carbon.super
ThreadID: [149] TenantID: [] [2026-10-04 12:56:17,663]  INFO {APIM_GOV_AUDIT_LOG} - [Scheduler Thread Pool Status] :: Active Thread Count: 0 -- | -- Completed Task Count: 3 -- | -- Submitted Task Count: 3 -- | -- Queue Size: 0 -- | -- Core Pool Size: 20 -- | -- Maximum Pool Size: 20 -- | -- Current Pool Size: 3
ThreadID: [149] TenantID: [] [2026-10-04 12:56:17,663]  INFO {APIM_GOV_AUDIT_LOG} - [Delete Processing Requests] :: Deleted 0 long-lasting processing requests with IDs: []
ThreadID: [149] TenantID: [] [2026-10-04 12:56:17,663]  INFO {APIM_GOV_AUDIT_LOG} - [Fetch Requests] :: Scheduler fetched 0 requests with IDs: []
ThreadID: [149] TenantID: [] [2026-10-04 12:58:17,663]  INFO {APIM_GOV_AUDIT_LOG} - [Scheduler Thread Pool Status] :: Active Thread Count: 0 -- | -- Completed Task Count: 3 -- | -- Submitted Task Count: 3 -- | -- Queue Size: 0 -- | -- Core Pool Size: 20 -- | -- Maximum Pool Size: 20 -- | -- Current Pool Size: 3
ThreadID: [149] TenantID: [] [2026-10-04 12:58:17,663]  INFO {APIM_GOV_AUDIT_LOG} - [Delete Processing Requests] :: Deleted 0 long-lasting processing requests with IDs: []
ThreadID: [149] TenantID: [] [2026-10-04 12:58:17,663]  INFO {APIM_GOV_AUDIT_LOG} - [Fetch Requests] :: Scheduler fetched 0 requests with IDs: []
ThreadID: [149] TenantID: [] [2026-10-04 13:00:17,661]  INFO {APIM_GOV_AUDIT_LOG} - [Scheduler Thread Pool Status] :: Active Thread Count: 0 -- | -- Completed Task Count: 3 -- | -- Submitted Task Count: 3 -- | -- Queue Size: 0 -- | -- Core Pool Size: 20 -- | -- Maximum Pool Size: 20 -- | -- Current Pool Size: 3
ThreadID: [149] TenantID: [] [2026-10-04 13:00:17,661]  INFO {APIM_GOV_AUDIT_LOG} - [Delete Processing Requests] :: Deleted 0 long-lasting processing requests with IDs: []
ThreadID: [149] TenantID: [] [2026-10-04 13:00:17,661]  INFO {APIM_GOV_AUDIT_LOG} - [Fetch Requests] :: Scheduler fetched 0 requests with IDs: []
ThreadID: [149] TenantID: [] [2026-10-04 13:02:17,663]  INFO {APIM_GOV_AUDIT_LOG} - [Scheduler Thread Pool Status] :: Active Thread Count: 0 -- | -- Completed Task Count: 3 -- | -- Submitted Task Count: 3 -- | -- Queue Size: 0 -- | -- Core Pool Size: 20 -- | -- Maximum Pool Size: 20 -- | -- Current Pool Size: 3
ThreadID: [149] TenantID: [] [2026-10-04 13:02:17,663]  INFO {APIM_GOV_AUDIT_LOG} - [Delete Processing Requests] :: Deleted 0 long-lasting processing requests with IDs: []
ThreadID: [149] TenantID: [] [2026-10-04 13:02:17,663]  INFO {APIM_GOV_AUDIT_LOG} - [Fetch Requests] :: Scheduler fetched 0 requests with IDs: []
ThreadID: [149] TenantID: [] [2026-10-04 13:04:17,663]  INFO {APIM_GOV_AUDIT_LOG} - [Scheduler Thread Pool Status] :: Active Thread Count: 0 -- | -- Completed Task Count: 3 -- | -- Submitted Task Count: 3 -- | -- Queue Size: 0 -- | -- Core Pool Size: 20 -- | -- Maximum Pool Size: 20 -- | -- Current Pool Size: 3
ThreadID: [149] TenantID: [] [2026-10-04 13:04:17,663]  INFO {APIM_GOV_AUDIT_LOG} - [Delete Processing Requests] :: Deleted 0 long-lasting processing requests with IDs: []
ThreadID: [149] TenantID: [] [2026-10-04 13:04:17,663]  INFO {APIM_GOV_AUDIT_LOG} - [Fetch Requests] :: Scheduler fetched 0 requests with IDs: []
ThreadID: [149] TenantID: [] [2026-10-04 13:06:17,662]  INFO {APIM_GOV_AUDIT_LOG} - [Scheduler Thread Pool Status] :: Active Thread Count: 0 -- | -- Completed Task Count: 3 -- | -- Submitted Task Count: 3 -- | -- Queue Size: 0 -- | -- Core Pool Size: 20 -- | -- Maximum Pool Size: 20 -- | -- Current Pool Size: 3
ThreadID: [149] TenantID: [] [2026-10-04 13:06:17,662]  INFO {APIM_GOV_AUDIT_LOG} - [Delete Processing Requests] :: Deleted 0 long-lasting processing requests with IDs: []
ThreadID: [149] TenantID: [] [2026-10-04 13:06:17,662]  INFO {APIM_GOV_AUDIT_LOG} - [Fetch Requests] :: Scheduler fetched 0 requests with IDs: []
ThreadID: [149] TenantID: [] [2026-10-04 13:08:17,662]  INFO {APIM_GOV_AUDIT_LOG} - [Scheduler Thread Pool Status] :: Active Thread Count: 0 -- | -- Completed Task Count: 3 -- | -- Submitted Task Count: 3 -- | -- Queue Size: 0 -- | -- Core Pool Size: 20 -- | -- Maximum Pool Size: 20 -- | -- Current Pool Size: 3
ThreadID: [149] TenantID: [] [2026-10-04 13:08:17,662]  INFO {APIM_GOV_AUDIT_LOG} - [Delete Processing Requests] :: Deleted 0 long-lasting processing requests with IDs: []
ThreadID: [149] TenantID: [] [2026-10-04 13:08:17,662]  INFO {APIM_GOV_AUDIT_LOG} - [Fetch Requests] :: Scheduler fetched 0 requests with IDs: []
ThreadID: [149] TenantID: [] [2026-10-04 13:10:17,662]  INFO {APIM_GOV_AUDIT_LOG} - [Scheduler Thread Pool Status] :: Active Thread Count: 0 -- | -- Completed Task Count: 3 -- | -- Submitted Task Count: 3 -- | -- Queue Size: 0 -- | -- Core Pool Size: 20 -- | -- Maximum Pool Size: 20 -- | -- Current Pool Size: 3
ThreadID: [149] TenantID: [] [2026-10-04 13:10:17,662]  INFO {APIM_GOV_AUDIT_LOG} - [Delete Processing Requests] :: Deleted 0 long-lasting processing requests with IDs: []
ThreadID: [149] TenantID: [] [2026-10-04 13:10:17,662]  INFO {APIM_GOV_AUDIT_LOG} - [Fetch Requests] :: Scheduler fetched 0 requests with IDs: []
ThreadID: [149] TenantID: [] [2026-10-04 13:12:17,662]  INFO {APIM_GOV_AUDIT_LOG} - [Scheduler Thread Pool Status] :: Active Thread Count: 0 -- | -- Completed Task Count: 3 -- | -- Submitted Task Count: 3 -- | -- Queue Size: 0 -- | -- Core Pool Size: 20 -- | -- Maximum Pool Size: 20 -- | -- Current Pool Size: 3
ThreadID: [149] TenantID: [] [2026-10-04 13:12:17,662]  INFO {APIM_GOV_AUDIT_LOG} - [Delete Processing Requests] :: Deleted 0 long-lasting processing requests with IDs: []
ThreadID: [149] TenantID: [] [2026-10-04 13:12:17,662]  INFO {APIM_GOV_AUDIT_LOG} - [Fetch Requests] :: Scheduler fetched 0 requests with IDs: []
ThreadID: [149] TenantID: [] [2026-10-04 13:14:17,663]  INFO {APIM_GOV_AUDIT_LOG} - [Scheduler Thread Pool Status] :: Active Thread Count: 0 -- | -- Completed Task Count: 3 -- | -- Submitted Task Count: 3 -- | -- Queue Size: 0 -- | -- Core Pool Size: 20 -- | -- Maximum Pool Size: 20 -- | -- Current Pool Size: 3
ThreadID: [149] TenantID: [] [2026-10-04 13:14:17,663]  INFO {APIM_GOV_AUDIT_LOG} - [Delete Processing Requests] :: Deleted 0 long-lasting processing requests with IDs: []
ThreadID: [149] TenantID: [] [2026-10-04 13:14:17,663]  INFO {APIM_GOV_AUDIT_LOG} - [Fetch Requests] :: Scheduler fetched 0 requests with IDs: []
ThreadID: [149] TenantID: [] [2026-10-04 13:16:17,662]  INFO {APIM_GOV_AUDIT_LOG} - [Scheduler Thread Pool Status] :: Active Thread Count: 0 -- | -- Completed Task Count: 3 -- | -- Submitted Task Count: 3 -- | -- Queue Size: 0 -- | -- Core Pool Size: 20 -- | -- Maximum Pool Size: 20 -- | -- Current Pool Size: 3
ThreadID: [149] TenantID: [] [2026-10-04 13:16:17,662]  INFO {APIM_GOV_AUDIT_LOG} - [Delete Processing Requests] :: Deleted 0 long-lasting processing requests with IDs: []
ThreadID: [149] TenantID: [] [2026-10-04 13:16:17,662]  INFO {APIM_GOV_AUDIT_LOG} - [Fetch Requests] :: Scheduler fetched 0 requests with IDs: []
ThreadID: [149] TenantID: [] [2026-10-04 13:18:17,663]  INFO {APIM_GOV_AUDIT_LOG} - [Scheduler Thread Pool Status] :: Active Thread Count: 0 -- | -- Completed Task Count: 3 -- | -- Submitted Task Count: 3 -- | -- Queue Size: 0 -- | -- Core Pool Size: 20 -- | -- Maximum Pool Size: 20 -- | -- Current Pool Size: 3
ThreadID: [149] TenantID: [] [2026-10-04 13:18:17,663]  INFO {APIM_GOV_AUDIT_LOG} - [Delete Processing Requests] :: Deleted 0 long-lasting processing requests with IDs: []
ThreadID: [149] TenantID: [] [2026-10-04 13:18:17,663]  INFO {APIM_GOV_AUDIT_LOG} - [Fetch Requests] :: Scheduler fetched 0 requests with IDs: []
ThreadID: [149] TenantID: [] [2026-10-04 13:20:17,661]  INFO {APIM_GOV_AUDIT_LOG} - [Scheduler Thread Pool Status] :: Active Thread Count: 0 -- | -- Completed Task Count: 3 -- | -- Submitted Task Count: 3 -- | -- Queue Size: 0 -- | -- Core Pool Size: 20 -- | -- Maximum Pool Size: 20 -- | -- Current Pool Size: 3
ThreadID: [149] TenantID: [] [2026-10-04 13:20:17,661]  INFO {APIM_GOV_AUDIT_LOG} - [Delete Processing Requests] :: Deleted 0 long-lasting processing requests with IDs: []
ThreadID: [149] TenantID: [] [2026-10-04 13:20:17,661]  INFO {APIM_GOV_AUDIT_LOG} - [Fetch Requests] :: Scheduler fetched 0 requests with IDs: []
ThreadID: [149] TenantID: [] [2026-10-04 13:22:17,662]  INFO {APIM_GOV_AUDIT_LOG} - [Scheduler Thread Pool Status] :: Active Thread Count: 0 -- | -- Completed Task Count: 3 -- | -- Submitted Task Count: 3 -- | -- Queue Size: 0 -- | -- Core Pool Size: 20 -- | -- Maximum Pool Size: 20 -- | -- Current Pool Size: 3
ThreadID: [149] TenantID: [] [2026-10-04 13:22:17,662]  INFO {APIM_GOV_AUDIT_LOG} - [Delete Processing Requests] :: Deleted 0 long-lasting processing requests with IDs: []
ThreadID: [149] TenantID: [] [2026-10-04 13:22:17,662]  INFO {APIM_GOV_AUDIT_LOG} - [Fetch Requests] :: Scheduler fetched 0 requests with IDs: []
ThreadID: [149] TenantID: [] [2026-10-04 13:24:17,662]  INFO {APIM_GOV_AUDIT_LOG} - [Scheduler Thread Pool Status] :: Active Thread Count: 0 -- | -- Completed Task Count: 3 -- | -- Submitted Task Count: 3 -- | -- Queue Size: 0 -- | -- Core Pool Size: 20 -- | -- Maximum Pool Size: 20 -- | -- Current Pool Size: 3
ThreadID: [149] TenantID: [] [2026-10-04 13:24:17,662]  INFO {APIM_GOV_AUDIT_LOG} - [Delete Processing Requests] :: Deleted 0 long-lasting processing requests with IDs: []
ThreadID: [149] TenantID: [] [2026-10-04 13:24:17,662]  INFO {APIM_GOV_AUDIT_LOG} - [Fetch Requests] :: Scheduler fetched 0 requests with IDs: []
ThreadID: [149] TenantID: [] [2026-10-04 13:26:17,662]  INFO {APIM_GOV_AUDIT_LOG} - [Scheduler Thread Pool Status] :: Active Thread Count: 0 -- | -- Completed Task Count: 3 -- | -- Submitted Task Count: 3 -- | -- Queue Size: 0 -- | -- Core Pool Size: 20 -- | -- Maximum Pool Size: 20 -- | -- Current Pool Size: 3
ThreadID: [149] TenantID: [] [2026-10-04 13:26:17,662]  INFO {APIM_GOV_AUDIT_LOG} - [Delete Processing Requests] :: Deleted 0 long-lasting processing requests with IDs: []
ThreadID: [149] TenantID: [] [2026-10-04 13:26:17,662]  INFO {APIM_GOV_AUDIT_LOG} - [Fetch Requests] :: Scheduler fetched 0 requests with IDs: []
ThreadID: [149] TenantID: [] [2026-10-04 13:28:17,662]  INFO {APIM_GOV_AUDIT_LOG} - [Scheduler Thread Pool Status] :: Active Thread Count: 0 -- | -- Completed Task Count: 3 -- | -- Submitted Task Count: 3 -- | -- Queue Size: 0 -- | -- Core Pool Size: 20 -- | -- Maximum Pool Size: 20 -- | -- Current Pool Size: 3
ThreadID: [149] TenantID: [] [2026-10-04 13:28:17,662]  INFO {APIM_GOV_AUDIT_LOG} - [Delete Processing Requests] :: Deleted 0 long-lasting processing requests with IDs: []
ThreadID: [149] TenantID: [] [2026-10-04 13:28:17,662]  INFO {APIM_GOV_AUDIT_LOG} - [Fetch Requests] :: Scheduler fetched 0 requests with IDs: []
ThreadID: [149] TenantID: [] [2026-10-04 13:30:17,662]  INFO {APIM_GOV_AUDIT_LOG} - [Scheduler Thread Pool Status] :: Active Thread Count: 0 -- | -- Completed Task Count: 3 -- | -- Submitted Task Count: 3 -- | -- Queue Size: 0 -- | -- Core Pool Size: 20 -- | -- Maximum Pool Size: 20 -- | -- Current Pool Size: 3
ThreadID: [149] TenantID: [] [2026-10-04 13:30:17,662]  INFO {APIM_GOV_AUDIT_LOG} - [Delete Processing Requests] :: Deleted 0 long-lasting processing requests with IDs: []
ThreadID: [149] TenantID: [] [2026-10-04 13:30:17,662]  INFO {APIM_GOV_AUDIT_LOG} - [Fetch Requests] :: Scheduler fetched 0 requests with IDs: []
ThreadID: [149] TenantID: [] [2026-10-04 13:32:17,663]  INFO {APIM_GOV_AUDIT_LOG} - [Scheduler Thread Pool Status] :: Active Thread Count: 0 -- | -- Completed Task Count: 3 -- | -- Submitted Task Count: 3 -- | -- Queue Size: 0 -- | -- Core Pool Size: 20 -- | -- Maximum Pool Size: 20 -- | -- Current Pool Size: 3
ThreadID: [149] TenantID: [] [2026-10-04 13:32:17,663]  INFO {APIM_GOV_AUDIT_LOG} - [Delete Processing Requests] :: Deleted 0 long-lasting processing requests with IDs: []
ThreadID: [149] TenantID: [] [2026-10-04 13:32:17,663]  INFO {APIM_GOV_AUDIT_LOG} - [Fetch Requests] :: Scheduler fetched 0 requests with IDs: []
ThreadID: [149] TenantID: [] [2026-10-04 13:34:17,661]  INFO {APIM_GOV_AUDIT_LOG} - [Scheduler Thread Pool Status] :: Active Thread Count: 0 -- | -- Completed Task Count: 3 -- | -- Submitted Task Count: 3 -- | -- Queue Size: 0 -- | -- Core Pool Size: 20 -- | -- Maximum Pool Size: 20 -- | -- Current Pool Size: 3
ThreadID: [149] TenantID: [] [2026-10-04 13:34:17,661]  INFO {APIM_GOV_AUDIT_LOG} - [Delete Processing Requests] :: Deleted 0 long-lasting processing requests with IDs: []
ThreadID: [149] TenantID: [] [2026-10-04 13:34:17,661]  INFO {APIM_GOV_AUDIT_LOG} - [Fetch Requests] :: Scheduler fetched 0 requests with IDs: []
ThreadID: [149] TenantID: [] [2026-10-04 13:36:17,663]  INFO {APIM_GOV_AUDIT_LOG} - [Scheduler Thread Pool Status] :: Active Thread Count: 0 -- | -- Completed Task Count: 3 -- | -- Submitted Task Count: 3 -- | -- Queue Size: 0 -- | -- Core Pool Size: 20 -- | -- Maximum Pool Size: 20 -- | -- Current Pool Size: 3
ThreadID: [149] TenantID: [] [2026-10-04 13:36:17,663]  INFO {APIM_GOV_AUDIT_LOG} - [Delete Processing Requests] :: Deleted 0 long-lasting processing requests with IDs: []
ThreadID: [149] TenantID: [] [2026-10-04 13:36:17,663]  INFO {APIM_GOV_AUDIT_LOG} - [Fetch Requests] :: Scheduler fetched 0 requests with IDs: []
ThreadID: [149] TenantID: [] [2026-10-04 13:38:17,662]  INFO {APIM_GOV_AUDIT_LOG} - [Scheduler Thread Pool Status] :: Active Thread Count: 0 -- | -- Completed Task Count: 3 -- | -- Submitted Task Count: 3 -- | -- Queue Size: 0 -- | -- Core Pool Size: 20 -- | -- Maximum Pool Size: 20 -- | -- Current Pool Size: 3
ThreadID: [149] TenantID: [] [2026-10-04 13:38:17,662]  INFO {APIM_GOV_AUDIT_LOG} - [Delete Processing Requests] :: Deleted 0 long-lasting processing requests with IDs: []
ThreadID: [149] TenantID: [] [2026-10-04 13:38:17,662]  INFO {APIM_GOV_AUDIT_LOG} - [Fetch Requests] :: Scheduler fetched 0 requests with IDs: []
ThreadID: [149] TenantID: [] [2026-10-04 13:40:17,662]  INFO {APIM_GOV_AUDIT_LOG} - [Scheduler Thread Pool Status] :: Active Thread Count: 0 -- | -- Completed Task Count: 3 -- | -- Submitted Task Count: 3 -- | -- Queue Size: 0 -- | -- Core Pool Size: 20 -- | -- Maximum Pool Size: 20 -- | -- Current Pool Size: 3
ThreadID: [149] TenantID: [] [2026-10-04 13:40:17,662]  INFO {APIM_GOV_AUDIT_LOG} - [Delete Processing Requests] :: Deleted 0 long-lasting processing requests with IDs: []
ThreadID: [149] TenantID: [] [2026-10-04 13:40:17,662]  INFO {APIM_GOV_AUDIT_LOG} - [Fetch Requests] :: Scheduler fetched 0 requests with IDs: []
ThreadID: [149] TenantID: [] [2026-10-04 13:42:17,662]  INFO {APIM_GOV_AUDIT_LOG} - [Scheduler Thread Pool Status] :: Active Thread Count: 0 -- | -- Completed Task Count: 3 -- | -- Submitted Task Count: 3 -- | -- Queue Size: 0 -- | -- Core Pool Size: 20 -- | -- Maximum Pool Size: 20 -- | -- Current Pool Size: 3
ThreadID: [149] TenantID: [] [2026-10-04 13:42:17,662]  INFO {APIM_GOV_AUDIT_LOG} - [Delete Processing Requests] :: Deleted 0 long-lasting processing requests with IDs: []
ThreadID: [149] TenantID: [] [2026-10-04 13:42:17,662]  INFO {APIM_GOV_AUDIT_LOG} - [Fetch Requests] :: Scheduler fetched 0 requests with IDs: []
