[2026-10-02 19:04:26,587] [-1]  INFO {com.atomikos.persistence.imp.FileLogStream} - Starting read of logfile /home/wso2carbon/wso2ei-6.6.0/repository/data/tmlog0.log
[2026-10-02 19:04:27,650] [-1]  INFO {com.atomikos.persistence.imp.FileLogStream} - Done read of logfile
[2026-10-02 19:04:27,652] [-1]  INFO {com.atomikos.persistence.imp.FileLogStream} - Logfile closed: /home/wso2carbon/wso2ei-6.6.0/repository/data/tmlog0.log
[2026-10-02 19:04:27,661] [-1]  INFO {com.atomikos.icatch.config.imp.AbstractUserTransactionService} - USING core version: 3.8.0
[2026-10-02 19:04:27,661] [-1]  INFO {com.atomikos.icatch.config.imp.AbstractUserTransactionService} - USING com.atomikos.icatch.console_file_name = tm.out
[2026-10-02 19:04:27,661] [-1]  INFO {com.atomikos.icatch.config.imp.AbstractUserTransactionService} - USING com.atomikos.icatch.console_file_count = 1
[2026-10-02 19:04:27,662] [-1]  INFO {com.atomikos.icatch.config.imp.AbstractUserTransactionService} - USING com.atomikos.icatch.automatic_resource_registration = true
[2026-10-02 19:04:27,662] [-1]  INFO {com.atomikos.icatch.config.imp.AbstractUserTransactionService} - USING com.atomikos.icatch.client_demarcation = false
[2026-10-02 19:04:27,662] [-1]  INFO {com.atomikos.icatch.config.imp.AbstractUserTransactionService} - USING com.atomikos.icatch.threaded_2pc = false
[2026-10-02 19:04:27,662] [-1]  INFO {com.atomikos.icatch.config.imp.AbstractUserTransactionService} - USING com.atomikos.icatch.serial_jta_transactions = true
[2026-10-02 19:04:27,663] [-1]  INFO {com.atomikos.icatch.config.imp.AbstractUserTransactionService} - USING com.atomikos.icatch.log_base_dir = repository/data
[2026-10-02 19:04:27,663] [-1]  INFO {com.atomikos.icatch.config.imp.AbstractUserTransactionService} - USING com.atomikos.icatch.max_actives = 50
[2026-10-02 19:04:27,663] [-1]  INFO {com.atomikos.icatch.config.imp.AbstractUserTransactionService} - USING com.atomikos.icatch.console_log_level = INFO
[2026-10-02 19:04:27,663] [-1]  INFO {com.atomikos.icatch.config.imp.AbstractUserTransactionService} - USING com.atomikos.icatch.checkpoint_interval = 500
[2026-10-02 19:04:27,664] [-1]  INFO {com.atomikos.icatch.config.imp.AbstractUserTransactionService} - USING com.atomikos.icatch.enable_logging = true
[2026-10-02 19:04:27,664] [-1]  INFO {com.atomikos.icatch.config.imp.AbstractUserTransactionService} - USING com.atomikos.icatch.output_dir = repository/logs
[2026-10-02 19:04:27,664] [-1]  INFO {com.atomikos.icatch.config.imp.AbstractUserTransactionService} - USING com.atomikos.icatch.log_base_name = tmlog
[2026-10-02 19:04:27,664] [-1]  INFO {com.atomikos.icatch.config.imp.AbstractUserTransactionService} - USING com.atomikos.icatch.console_file_limit = 1073741824
[2026-10-02 19:04:27,664] [-1]  INFO {com.atomikos.icatch.config.imp.AbstractUserTransactionService} - USING com.atomikos.icatch.max_timeout = 8000000
[2026-10-02 19:04:27,665] [-1]  INFO {com.atomikos.icatch.config.imp.AbstractUserTransactionService} - USING com.atomikos.icatch.tm_unique_name = 172.19.0.3.tm
[2026-10-02 19:04:27,665] [-1]  INFO {com.atomikos.icatch.config.imp.AbstractUserTransactionService} - USING java.naming.factory.initial = com.sun.jndi.rmi.registry.RegistryContextFactory
[2026-10-02 19:04:27,665] [-1]  INFO {com.atomikos.icatch.config.imp.AbstractUserTransactionService} - USING java.naming.provider.url = rmi://localhost:1099
[2026-10-02 19:04:27,665] [-1]  INFO {com.atomikos.icatch.config.imp.AbstractUserTransactionService} - USING com.atomikos.icatch.service = com.atomikos.icatch.standalone.UserTransactionServiceFactory
[2026-10-02 19:04:27,666] [-1]  INFO {com.atomikos.icatch.config.imp.AbstractUserTransactionService} - USING com.atomikos.icatch.force_shutdown_on_vm_exit = true
[2026-10-02 19:04:27,666] [-1]  INFO {com.atomikos.icatch.config.imp.AbstractUserTransactionService} - USING com.atomikos.icatch.default_jta_timeout = 5000000
[2026-10-02 19:10:15,540] [-1]  INFO {com.atomikos.persistence.imp.FileLogStream} - Starting read of logfile /home/wso2carbon/wso2ei-6.6.0/repository/data/tmlog1.log
[2026-10-02 19:10:16,676] [-1]  INFO {com.atomikos.persistence.imp.FileLogStream} - Done read of logfile
[2026-10-02 19:10:16,678] [-1]  INFO {com.atomikos.persistence.imp.FileLogStream} - Logfile closed: /home/wso2carbon/wso2ei-6.6.0/repository/data/tmlog1.log
[2026-10-02 19:10:16,687] [-1]  INFO {com.atomikos.icatch.config.imp.AbstractUserTransactionService} - USING core version: 3.8.0
[2026-10-02 19:10:16,688] [-1]  INFO {com.atomikos.icatch.config.imp.AbstractUserTransactionService} - USING com.atomikos.icatch.console_file_name = tm.out
[2026-10-02 19:10:16,688] [-1]  INFO {com.atomikos.icatch.config.imp.AbstractUserTransactionService} - USING com.atomikos.icatch.console_file_count = 1
[2026-10-02 19:10:16,688] [-1]  INFO {com.atomikos.icatch.config.imp.AbstractUserTransactionService} - USING com.atomikos.icatch.automatic_resource_registration = true
[2026-10-02 19:10:16,688] [-1]  INFO {com.atomikos.icatch.config.imp.AbstractUserTransactionService} - USING com.atomikos.icatch.client_demarcation = false
[2026-10-02 19:10:16,689] [-1]  INFO {com.atomikos.icatch.config.imp.AbstractUserTransactionService} - USING com.atomikos.icatch.threaded_2pc = false
[2026-10-02 19:10:16,689] [-1]  INFO {com.atomikos.icatch.config.imp.AbstractUserTransactionService} - USING com.atomikos.icatch.serial_jta_transactions = true
[2026-10-02 19:10:16,689] [-1]  INFO {com.atomikos.icatch.config.imp.AbstractUserTransactionService} - USING com.atomikos.icatch.log_base_dir = repository/data
[2026-10-02 19:10:16,690] [-1]  INFO {com.atomikos.icatch.config.imp.AbstractUserTransactionService} - USING com.atomikos.icatch.max_actives = 50
[2026-10-02 19:10:16,690] [-1]  INFO {com.atomikos.icatch.config.imp.AbstractUserTransactionService} - USING com.atomikos.icatch.console_log_level = INFO
[2026-10-02 19:10:16,690] [-1]  INFO {com.atomikos.icatch.config.imp.AbstractUserTransactionService} - USING com.atomikos.icatch.checkpoint_interval = 500
[2026-10-02 19:10:16,690] [-1]  INFO {com.atomikos.icatch.config.imp.AbstractUserTransactionService} - USING com.atomikos.icatch.enable_logging = true
[2026-10-02 19:10:16,691] [-1]  INFO {com.atomikos.icatch.config.imp.AbstractUserTransactionService} - USING com.atomikos.icatch.output_dir = repository/logs
[2026-10-02 19:10:16,691] [-1]  INFO {com.atomikos.icatch.config.imp.AbstractUserTransactionService} - USING com.atomikos.icatch.log_base_name = tmlog
[2026-10-02 19:10:16,691] [-1]  INFO {com.atomikos.icatch.config.imp.AbstractUserTransactionService} - USING com.atomikos.icatch.console_file_limit = 1073741824
[2026-10-02 19:10:16,691] [-1]  INFO {com.atomikos.icatch.config.imp.AbstractUserTransactionService} - USING com.atomikos.icatch.max_timeout = 8000000
[2026-10-02 19:10:16,691] [-1]  INFO {com.atomikos.icatch.config.imp.AbstractUserTransactionService} - USING com.atomikos.icatch.tm_unique_name = 172.19.0.3.tm
[2026-10-02 19:10:16,692] [-1]  INFO {com.atomikos.icatch.config.imp.AbstractUserTransactionService} - USING java.naming.factory.initial = com.sun.jndi.rmi.registry.RegistryContextFactory
[2026-10-02 19:10:16,692] [-1]  INFO {com.atomikos.icatch.config.imp.AbstractUserTransactionService} - USING java.naming.provider.url = rmi://localhost:1099
[2026-10-02 19:10:16,692] [-1]  INFO {com.atomikos.icatch.config.imp.AbstractUserTransactionService} - USING com.atomikos.icatch.service = com.atomikos.icatch.standalone.UserTransactionServiceFactory
[2026-10-02 19:10:16,692] [-1]  INFO {com.atomikos.icatch.config.imp.AbstractUserTransactionService} - USING com.atomikos.icatch.force_shutdown_on_vm_exit = true
[2026-10-02 19:10:16,693] [-1]  INFO {com.atomikos.icatch.config.imp.AbstractUserTransactionService} - USING com.atomikos.icatch.default_jta_timeout = 5000000
