[2026-10-03 14:22:48,032] [-1]  INFO {com.atomikos.persistence.imp.FileLogStream} - Starting read of logfile /home/wso2carbon/wso2ei-6.6.0/repository/data/tmlog4.log
[2026-10-03 14:22:49,122] [-1]  INFO {com.atomikos.persistence.imp.FileLogStream} - Done read of logfile
[2026-10-03 14:22:49,124] [-1]  INFO {com.atomikos.persistence.imp.FileLogStream} - Logfile closed: /home/wso2carbon/wso2ei-6.6.0/repository/data/tmlog4.log
[2026-10-03 14:22:49,134] [-1]  INFO {com.atomikos.icatch.config.imp.AbstractUserTransactionService} - USING core version: 3.8.0
[2026-10-03 14:22:49,134] [-1]  INFO {com.atomikos.icatch.config.imp.AbstractUserTransactionService} - USING com.atomikos.icatch.console_file_name = tm.out
[2026-10-03 14:22:49,135] [-1]  INFO {com.atomikos.icatch.config.imp.AbstractUserTransactionService} - USING com.atomikos.icatch.console_file_count = 1
[2026-10-03 14:22:49,135] [-1]  INFO {com.atomikos.icatch.config.imp.AbstractUserTransactionService} - USING com.atomikos.icatch.automatic_resource_registration = true
[2026-10-03 14:22:49,135] [-1]  INFO {com.atomikos.icatch.config.imp.AbstractUserTransactionService} - USING com.atomikos.icatch.client_demarcation = false
[2026-10-03 14:22:49,135] [-1]  INFO {com.atomikos.icatch.config.imp.AbstractUserTransactionService} - USING com.atomikos.icatch.threaded_2pc = false
[2026-10-03 14:22:49,135] [-1]  INFO {com.atomikos.icatch.config.imp.AbstractUserTransactionService} - USING com.atomikos.icatch.serial_jta_transactions = true
[2026-10-03 14:22:49,136] [-1]  INFO {com.atomikos.icatch.config.imp.AbstractUserTransactionService} - USING com.atomikos.icatch.log_base_dir = repository/data
[2026-10-03 14:22:49,136] [-1]  INFO {com.atomikos.icatch.config.imp.AbstractUserTransactionService} - USING com.atomikos.icatch.max_actives = 50
[2026-10-03 14:22:49,136] [-1]  INFO {com.atomikos.icatch.config.imp.AbstractUserTransactionService} - USING com.atomikos.icatch.console_log_level = INFO
[2026-10-03 14:22:49,137] [-1]  INFO {com.atomikos.icatch.config.imp.AbstractUserTransactionService} - USING com.atomikos.icatch.checkpoint_interval = 500
[2026-10-03 14:22:49,137] [-1]  INFO {com.atomikos.icatch.config.imp.AbstractUserTransactionService} - USING com.atomikos.icatch.enable_logging = true
[2026-10-03 14:22:49,137] [-1]  INFO {com.atomikos.icatch.config.imp.AbstractUserTransactionService} - USING com.atomikos.icatch.output_dir = repository/logs
[2026-10-03 14:22:49,137] [-1]  INFO {com.atomikos.icatch.config.imp.AbstractUserTransactionService} - USING com.atomikos.icatch.log_base_name = tmlog
[2026-10-03 14:22:49,137] [-1]  INFO {com.atomikos.icatch.config.imp.AbstractUserTransactionService} - USING com.atomikos.icatch.console_file_limit = 1073741824
[2026-10-03 14:22:49,138] [-1]  INFO {com.atomikos.icatch.config.imp.AbstractUserTransactionService} - USING com.atomikos.icatch.max_timeout = 8000000
[2026-10-03 14:22:49,138] [-1]  INFO {com.atomikos.icatch.config.imp.AbstractUserTransactionService} - USING com.atomikos.icatch.tm_unique_name = 172.19.0.6.tm
[2026-10-03 14:22:49,138] [-1]  INFO {com.atomikos.icatch.config.imp.AbstractUserTransactionService} - USING java.naming.factory.initial = com.sun.jndi.rmi.registry.RegistryContextFactory
[2026-10-03 14:22:49,138] [-1]  INFO {com.atomikos.icatch.config.imp.AbstractUserTransactionService} - USING java.naming.provider.url = rmi://localhost:1099
[2026-10-03 14:22:49,139] [-1]  INFO {com.atomikos.icatch.config.imp.AbstractUserTransactionService} - USING com.atomikos.icatch.service = com.atomikos.icatch.standalone.UserTransactionServiceFactory
[2026-10-03 14:22:49,139] [-1]  INFO {com.atomikos.icatch.config.imp.AbstractUserTransactionService} - USING com.atomikos.icatch.force_shutdown_on_vm_exit = true
[2026-10-03 14:22:49,139] [-1]  INFO {com.atomikos.icatch.config.imp.AbstractUserTransactionService} - USING com.atomikos.icatch.default_jta_timeout = 5000000
[2026-10-03 14:26:25,216] [-1]  INFO {com.atomikos.persistence.imp.FileLogStream} - Starting read of logfile /home/wso2carbon/wso2ei-6.6.0/repository/data/tmlog5.log
[2026-10-03 14:26:26,198] [-1]  INFO {com.atomikos.persistence.imp.FileLogStream} - Done read of logfile
[2026-10-03 14:26:26,200] [-1]  INFO {com.atomikos.persistence.imp.FileLogStream} - Logfile closed: /home/wso2carbon/wso2ei-6.6.0/repository/data/tmlog5.log
[2026-10-03 14:26:26,207] [-1]  INFO {com.atomikos.icatch.config.imp.AbstractUserTransactionService} - USING core version: 3.8.0
[2026-10-03 14:26:26,208] [-1]  INFO {com.atomikos.icatch.config.imp.AbstractUserTransactionService} - USING com.atomikos.icatch.console_file_name = tm.out
[2026-10-03 14:26:26,208] [-1]  INFO {com.atomikos.icatch.config.imp.AbstractUserTransactionService} - USING com.atomikos.icatch.console_file_count = 1
[2026-10-03 14:26:26,208] [-1]  INFO {com.atomikos.icatch.config.imp.AbstractUserTransactionService} - USING com.atomikos.icatch.automatic_resource_registration = true
[2026-10-03 14:26:26,208] [-1]  INFO {com.atomikos.icatch.config.imp.AbstractUserTransactionService} - USING com.atomikos.icatch.client_demarcation = false
[2026-10-03 14:26:26,208] [-1]  INFO {com.atomikos.icatch.config.imp.AbstractUserTransactionService} - USING com.atomikos.icatch.threaded_2pc = false
[2026-10-03 14:26:26,209] [-1]  INFO {com.atomikos.icatch.config.imp.AbstractUserTransactionService} - USING com.atomikos.icatch.serial_jta_transactions = true
[2026-10-03 14:26:26,209] [-1]  INFO {com.atomikos.icatch.config.imp.AbstractUserTransactionService} - USING com.atomikos.icatch.log_base_dir = repository/data
[2026-10-03 14:26:26,209] [-1]  INFO {com.atomikos.icatch.config.imp.AbstractUserTransactionService} - USING com.atomikos.icatch.max_actives = 50
[2026-10-03 14:26:26,209] [-1]  INFO {com.atomikos.icatch.config.imp.AbstractUserTransactionService} - USING com.atomikos.icatch.console_log_level = INFO
[2026-10-03 14:26:26,209] [-1]  INFO {com.atomikos.icatch.config.imp.AbstractUserTransactionService} - USING com.atomikos.icatch.checkpoint_interval = 500
[2026-10-03 14:26:26,210] [-1]  INFO {com.atomikos.icatch.config.imp.AbstractUserTransactionService} - USING com.atomikos.icatch.enable_logging = true
[2026-10-03 14:26:26,210] [-1]  INFO {com.atomikos.icatch.config.imp.AbstractUserTransactionService} - USING com.atomikos.icatch.output_dir = repository/logs
[2026-10-03 14:26:26,210] [-1]  INFO {com.atomikos.icatch.config.imp.AbstractUserTransactionService} - USING com.atomikos.icatch.log_base_name = tmlog
[2026-10-03 14:26:26,210] [-1]  INFO {com.atomikos.icatch.config.imp.AbstractUserTransactionService} - USING com.atomikos.icatch.console_file_limit = 1073741824
[2026-10-03 14:26:26,210] [-1]  INFO {com.atomikos.icatch.config.imp.AbstractUserTransactionService} - USING com.atomikos.icatch.max_timeout = 8000000
[2026-10-03 14:26:26,211] [-1]  INFO {com.atomikos.icatch.config.imp.AbstractUserTransactionService} - USING com.atomikos.icatch.tm_unique_name = 172.19.0.6.tm
[2026-10-03 14:26:26,211] [-1]  INFO {com.atomikos.icatch.config.imp.AbstractUserTransactionService} - USING java.naming.factory.initial = com.sun.jndi.rmi.registry.RegistryContextFactory
[2026-10-03 14:26:26,211] [-1]  INFO {com.atomikos.icatch.config.imp.AbstractUserTransactionService} - USING java.naming.provider.url = rmi://localhost:1099
[2026-10-03 14:26:26,211] [-1]  INFO {com.atomikos.icatch.config.imp.AbstractUserTransactionService} - USING com.atomikos.icatch.service = com.atomikos.icatch.standalone.UserTransactionServiceFactory
[2026-10-03 14:26:26,212] [-1]  INFO {com.atomikos.icatch.config.imp.AbstractUserTransactionService} - USING com.atomikos.icatch.force_shutdown_on_vm_exit = true
[2026-10-03 14:26:26,212] [-1]  INFO {com.atomikos.icatch.config.imp.AbstractUserTransactionService} - USING com.atomikos.icatch.default_jta_timeout = 5000000
[2026-10-03 16:07:55,760] [-1]  INFO {com.atomikos.persistence.imp.FileLogStream} - Starting read of logfile /home/wso2carbon/wso2ei-6.6.0/repository/data/tmlog6.log
[2026-10-03 16:07:56,813] [-1]  INFO {com.atomikos.persistence.imp.FileLogStream} - Done read of logfile
[2026-10-03 16:07:56,815] [-1]  INFO {com.atomikos.persistence.imp.FileLogStream} - Logfile closed: /home/wso2carbon/wso2ei-6.6.0/repository/data/tmlog6.log
[2026-10-03 16:07:56,824] [-1]  INFO {com.atomikos.icatch.config.imp.AbstractUserTransactionService} - USING core version: 3.8.0
[2026-10-03 16:07:56,824] [-1]  INFO {com.atomikos.icatch.config.imp.AbstractUserTransactionService} - USING com.atomikos.icatch.console_file_name = tm.out
[2026-10-03 16:07:56,825] [-1]  INFO {com.atomikos.icatch.config.imp.AbstractUserTransactionService} - USING com.atomikos.icatch.console_file_count = 1
[2026-10-03 16:07:56,825] [-1]  INFO {com.atomikos.icatch.config.imp.AbstractUserTransactionService} - USING com.atomikos.icatch.automatic_resource_registration = true
[2026-10-03 16:07:56,825] [-1]  INFO {com.atomikos.icatch.config.imp.AbstractUserTransactionService} - USING com.atomikos.icatch.client_demarcation = false
[2026-10-03 16:07:56,825] [-1]  INFO {com.atomikos.icatch.config.imp.AbstractUserTransactionService} - USING com.atomikos.icatch.threaded_2pc = false
[2026-10-03 16:07:56,826] [-1]  INFO {com.atomikos.icatch.config.imp.AbstractUserTransactionService} - USING com.atomikos.icatch.serial_jta_transactions = true
[2026-10-03 16:07:56,826] [-1]  INFO {com.atomikos.icatch.config.imp.AbstractUserTransactionService} - USING com.atomikos.icatch.log_base_dir = repository/data
[2026-10-03 16:07:56,826] [-1]  INFO {com.atomikos.icatch.config.imp.AbstractUserTransactionService} - USING com.atomikos.icatch.max_actives = 50
[2026-10-03 16:07:56,826] [-1]  INFO {com.atomikos.icatch.config.imp.AbstractUserTransactionService} - USING com.atomikos.icatch.console_log_level = INFO
[2026-10-03 16:07:56,827] [-1]  INFO {com.atomikos.icatch.config.imp.AbstractUserTransactionService} - USING com.atomikos.icatch.checkpoint_interval = 500
[2026-10-03 16:07:56,827] [-1]  INFO {com.atomikos.icatch.config.imp.AbstractUserTransactionService} - USING com.atomikos.icatch.enable_logging = true
[2026-10-03 16:07:56,827] [-1]  INFO {com.atomikos.icatch.config.imp.AbstractUserTransactionService} - USING com.atomikos.icatch.output_dir = repository/logs
[2026-10-03 16:07:56,827] [-1]  INFO {com.atomikos.icatch.config.imp.AbstractUserTransactionService} - USING com.atomikos.icatch.log_base_name = tmlog
[2026-10-03 16:07:56,828] [-1]  INFO {com.atomikos.icatch.config.imp.AbstractUserTransactionService} - USING com.atomikos.icatch.console_file_limit = 1073741824
[2026-10-03 16:07:56,828] [-1]  INFO {com.atomikos.icatch.config.imp.AbstractUserTransactionService} - USING com.atomikos.icatch.max_timeout = 8000000
[2026-10-03 16:07:56,828] [-1]  INFO {com.atomikos.icatch.config.imp.AbstractUserTransactionService} - USING com.atomikos.icatch.tm_unique_name = 172.18.0.6.tm
[2026-10-03 16:07:56,828] [-1]  INFO {com.atomikos.icatch.config.imp.AbstractUserTransactionService} - USING java.naming.factory.initial = com.sun.jndi.rmi.registry.RegistryContextFactory
[2026-10-03 16:07:56,829] [-1]  INFO {com.atomikos.icatch.config.imp.AbstractUserTransactionService} - USING java.naming.provider.url = rmi://localhost:1099
[2026-10-03 16:07:56,829] [-1]  INFO {com.atomikos.icatch.config.imp.AbstractUserTransactionService} - USING com.atomikos.icatch.service = com.atomikos.icatch.standalone.UserTransactionServiceFactory
[2026-10-03 16:07:56,829] [-1]  INFO {com.atomikos.icatch.config.imp.AbstractUserTransactionService} - USING com.atomikos.icatch.force_shutdown_on_vm_exit = true
[2026-10-03 16:07:56,829] [-1]  INFO {com.atomikos.icatch.config.imp.AbstractUserTransactionService} - USING com.atomikos.icatch.default_jta_timeout = 5000000
[2026-10-03 16:09:10,615] [-1]  INFO {com.atomikos.persistence.imp.FileLogStream} - Starting read of logfile /home/wso2carbon/wso2ei-6.6.0/repository/data/tmlog7.log
[2026-10-03 16:09:11,489] [-1]  INFO {com.atomikos.persistence.imp.FileLogStream} - Done read of logfile
[2026-10-03 16:09:11,490] [-1]  INFO {com.atomikos.persistence.imp.FileLogStream} - Logfile closed: /home/wso2carbon/wso2ei-6.6.0/repository/data/tmlog7.log
[2026-10-03 16:09:11,498] [-1]  INFO {com.atomikos.icatch.config.imp.AbstractUserTransactionService} - USING core version: 3.8.0
[2026-10-03 16:09:11,498] [-1]  INFO {com.atomikos.icatch.config.imp.AbstractUserTransactionService} - USING com.atomikos.icatch.console_file_name = tm.out
[2026-10-03 16:09:11,498] [-1]  INFO {com.atomikos.icatch.config.imp.AbstractUserTransactionService} - USING com.atomikos.icatch.console_file_count = 1
[2026-10-03 16:09:11,498] [-1]  INFO {com.atomikos.icatch.config.imp.AbstractUserTransactionService} - USING com.atomikos.icatch.automatic_resource_registration = true
[2026-10-03 16:09:11,499] [-1]  INFO {com.atomikos.icatch.config.imp.AbstractUserTransactionService} - USING com.atomikos.icatch.client_demarcation = false
[2026-10-03 16:09:11,499] [-1]  INFO {com.atomikos.icatch.config.imp.AbstractUserTransactionService} - USING com.atomikos.icatch.threaded_2pc = false
[2026-10-03 16:09:11,499] [-1]  INFO {com.atomikos.icatch.config.imp.AbstractUserTransactionService} - USING com.atomikos.icatch.serial_jta_transactions = true
[2026-10-03 16:09:11,499] [-1]  INFO {com.atomikos.icatch.config.imp.AbstractUserTransactionService} - USING com.atomikos.icatch.log_base_dir = repository/data
[2026-10-03 16:09:11,499] [-1]  INFO {com.atomikos.icatch.config.imp.AbstractUserTransactionService} - USING com.atomikos.icatch.max_actives = 50
[2026-10-03 16:09:11,499] [-1]  INFO {com.atomikos.icatch.config.imp.AbstractUserTransactionService} - USING com.atomikos.icatch.console_log_level = INFO
[2026-10-03 16:09:11,500] [-1]  INFO {com.atomikos.icatch.config.imp.AbstractUserTransactionService} - USING com.atomikos.icatch.checkpoint_interval = 500
[2026-10-03 16:09:11,500] [-1]  INFO {com.atomikos.icatch.config.imp.AbstractUserTransactionService} - USING com.atomikos.icatch.enable_logging = true
[2026-10-03 16:09:11,500] [-1]  INFO {com.atomikos.icatch.config.imp.AbstractUserTransactionService} - USING com.atomikos.icatch.output_dir = repository/logs
[2026-10-03 16:09:11,500] [-1]  INFO {com.atomikos.icatch.config.imp.AbstractUserTransactionService} - USING com.atomikos.icatch.log_base_name = tmlog
[2026-10-03 16:09:11,500] [-1]  INFO {com.atomikos.icatch.config.imp.AbstractUserTransactionService} - USING com.atomikos.icatch.console_file_limit = 1073741824
[2026-10-03 16:09:11,501] [-1]  INFO {com.atomikos.icatch.config.imp.AbstractUserTransactionService} - USING com.atomikos.icatch.max_timeout = 8000000
[2026-10-03 16:09:11,501] [-1]  INFO {com.atomikos.icatch.config.imp.AbstractUserTransactionService} - USING com.atomikos.icatch.tm_unique_name = 172.18.0.6.tm
[2026-10-03 16:09:11,501] [-1]  INFO {com.atomikos.icatch.config.imp.AbstractUserTransactionService} - USING java.naming.factory.initial = com.sun.jndi.rmi.registry.RegistryContextFactory
[2026-10-03 16:09:11,501] [-1]  INFO {com.atomikos.icatch.config.imp.AbstractUserTransactionService} - USING java.naming.provider.url = rmi://localhost:1099
[2026-10-03 16:09:11,501] [-1]  INFO {com.atomikos.icatch.config.imp.AbstractUserTransactionService} - USING com.atomikos.icatch.service = com.atomikos.icatch.standalone.UserTransactionServiceFactory
[2026-10-03 16:09:11,501] [-1]  INFO {com.atomikos.icatch.config.imp.AbstractUserTransactionService} - USING com.atomikos.icatch.force_shutdown_on_vm_exit = true
[2026-10-03 16:09:11,502] [-1]  INFO {com.atomikos.icatch.config.imp.AbstractUserTransactionService} - USING com.atomikos.icatch.default_jta_timeout = 5000000
[2026-10-03 19:06:06,641] [-1]  INFO {com.atomikos.persistence.imp.FileLogStream} - Starting read of logfile /home/wso2carbon/wso2ei-6.6.0/repository/data/tmlog8.log
[2026-10-03 19:06:07,581] [-1]  INFO {com.atomikos.persistence.imp.FileLogStream} - Done read of logfile
[2026-10-03 19:06:07,582] [-1]  INFO {com.atomikos.persistence.imp.FileLogStream} - Logfile closed: /home/wso2carbon/wso2ei-6.6.0/repository/data/tmlog8.log
[2026-10-03 19:06:07,590] [-1]  INFO {com.atomikos.icatch.config.imp.AbstractUserTransactionService} - USING core version: 3.8.0
[2026-10-03 19:06:07,591] [-1]  INFO {com.atomikos.icatch.config.imp.AbstractUserTransactionService} - USING com.atomikos.icatch.console_file_name = tm.out
[2026-10-03 19:06:07,591] [-1]  INFO {com.atomikos.icatch.config.imp.AbstractUserTransactionService} - USING com.atomikos.icatch.console_file_count = 1
[2026-10-03 19:06:07,591] [-1]  INFO {com.atomikos.icatch.config.imp.AbstractUserTransactionService} - USING com.atomikos.icatch.automatic_resource_registration = true
[2026-10-03 19:06:07,591] [-1]  INFO {com.atomikos.icatch.config.imp.AbstractUserTransactionService} - USING com.atomikos.icatch.client_demarcation = false
[2026-10-03 19:06:07,591] [-1]  INFO {com.atomikos.icatch.config.imp.AbstractUserTransactionService} - USING com.atomikos.icatch.threaded_2pc = false
[2026-10-03 19:06:07,591] [-1]  INFO {com.atomikos.icatch.config.imp.AbstractUserTransactionService} - USING com.atomikos.icatch.serial_jta_transactions = true
[2026-10-03 19:06:07,592] [-1]  INFO {com.atomikos.icatch.config.imp.AbstractUserTransactionService} - USING com.atomikos.icatch.log_base_dir = repository/data
[2026-10-03 19:06:07,592] [-1]  INFO {com.atomikos.icatch.config.imp.AbstractUserTransactionService} - USING com.atomikos.icatch.max_actives = 50
[2026-10-03 19:06:07,592] [-1]  INFO {com.atomikos.icatch.config.imp.AbstractUserTransactionService} - USING com.atomikos.icatch.console_log_level = INFO
[2026-10-03 19:06:07,592] [-1]  INFO {com.atomikos.icatch.config.imp.AbstractUserTransactionService} - USING com.atomikos.icatch.checkpoint_interval = 500
[2026-10-03 19:06:07,592] [-1]  INFO {com.atomikos.icatch.config.imp.AbstractUserTransactionService} - USING com.atomikos.icatch.enable_logging = true
[2026-10-03 19:06:07,593] [-1]  INFO {com.atomikos.icatch.config.imp.AbstractUserTransactionService} - USING com.atomikos.icatch.output_dir = repository/logs
[2026-10-03 19:06:07,593] [-1]  INFO {com.atomikos.icatch.config.imp.AbstractUserTransactionService} - USING com.atomikos.icatch.log_base_name = tmlog
[2026-10-03 19:06:07,593] [-1]  INFO {com.atomikos.icatch.config.imp.AbstractUserTransactionService} - USING com.atomikos.icatch.console_file_limit = 1073741824
[2026-10-03 19:06:07,593] [-1]  INFO {com.atomikos.icatch.config.imp.AbstractUserTransactionService} - USING com.atomikos.icatch.max_timeout = 8000000
[2026-10-03 19:06:07,593] [-1]  INFO {com.atomikos.icatch.config.imp.AbstractUserTransactionService} - USING com.atomikos.icatch.tm_unique_name = 172.18.0.6.tm
[2026-10-03 19:06:07,594] [-1]  INFO {com.atomikos.icatch.config.imp.AbstractUserTransactionService} - USING java.naming.factory.initial = com.sun.jndi.rmi.registry.RegistryContextFactory
[2026-10-03 19:06:07,594] [-1]  INFO {com.atomikos.icatch.config.imp.AbstractUserTransactionService} - USING java.naming.provider.url = rmi://localhost:1099
[2026-10-03 19:06:07,594] [-1]  INFO {com.atomikos.icatch.config.imp.AbstractUserTransactionService} - USING com.atomikos.icatch.service = com.atomikos.icatch.standalone.UserTransactionServiceFactory
[2026-10-03 19:06:07,594] [-1]  INFO {com.atomikos.icatch.config.imp.AbstractUserTransactionService} - USING com.atomikos.icatch.force_shutdown_on_vm_exit = true
[2026-10-03 19:06:07,594] [-1]  INFO {com.atomikos.icatch.config.imp.AbstractUserTransactionService} - USING com.atomikos.icatch.default_jta_timeout = 5000000
[2026-10-03 23:32:35,489] [-1]  INFO {com.atomikos.persistence.imp.FileLogStream} - Starting read of logfile /home/wso2carbon/wso2ei-6.6.0/repository/data/tmlog9.log
[2026-10-03 23:32:36,608] [-1]  INFO {com.atomikos.persistence.imp.FileLogStream} - Done read of logfile
[2026-10-03 23:32:36,610] [-1]  INFO {com.atomikos.persistence.imp.FileLogStream} - Logfile closed: /home/wso2carbon/wso2ei-6.6.0/repository/data/tmlog9.log
[2026-10-03 23:32:36,620] [-1]  INFO {com.atomikos.icatch.config.imp.AbstractUserTransactionService} - USING core version: 3.8.0
[2026-10-03 23:32:36,620] [-1]  INFO {com.atomikos.icatch.config.imp.AbstractUserTransactionService} - USING com.atomikos.icatch.console_file_name = tm.out
[2026-10-03 23:32:36,621] [-1]  INFO {com.atomikos.icatch.config.imp.AbstractUserTransactionService} - USING com.atomikos.icatch.console_file_count = 1
[2026-10-03 23:32:36,621] [-1]  INFO {com.atomikos.icatch.config.imp.AbstractUserTransactionService} - USING com.atomikos.icatch.automatic_resource_registration = true
[2026-10-03 23:32:36,621] [-1]  INFO {com.atomikos.icatch.config.imp.AbstractUserTransactionService} - USING com.atomikos.icatch.client_demarcation = false
[2026-10-03 23:32:36,621] [-1]  INFO {com.atomikos.icatch.config.imp.AbstractUserTransactionService} - USING com.atomikos.icatch.threaded_2pc = false
[2026-10-03 23:32:36,622] [-1]  INFO {com.atomikos.icatch.config.imp.AbstractUserTransactionService} - USING com.atomikos.icatch.serial_jta_transactions = true
[2026-10-03 23:32:36,622] [-1]  INFO {com.atomikos.icatch.config.imp.AbstractUserTransactionService} - USING com.atomikos.icatch.log_base_dir = repository/data
[2026-10-03 23:32:36,622] [-1]  INFO {com.atomikos.icatch.config.imp.AbstractUserTransactionService} - USING com.atomikos.icatch.max_actives = 50
[2026-10-03 23:32:36,622] [-1]  INFO {com.atomikos.icatch.config.imp.AbstractUserTransactionService} - USING com.atomikos.icatch.console_log_level = INFO
[2026-10-03 23:32:36,623] [-1]  INFO {com.atomikos.icatch.config.imp.AbstractUserTransactionService} - USING com.atomikos.icatch.checkpoint_interval = 500
[2026-10-03 23:32:36,623] [-1]  INFO {com.atomikos.icatch.config.imp.AbstractUserTransactionService} - USING com.atomikos.icatch.enable_logging = true
[2026-10-03 23:32:36,623] [-1]  INFO {com.atomikos.icatch.config.imp.AbstractUserTransactionService} - USING com.atomikos.icatch.output_dir = repository/logs
[2026-10-03 23:32:36,623] [-1]  INFO {com.atomikos.icatch.config.imp.AbstractUserTransactionService} - USING com.atomikos.icatch.log_base_name = tmlog
[2026-10-03 23:32:36,623] [-1]  INFO {com.atomikos.icatch.config.imp.AbstractUserTransactionService} - USING com.atomikos.icatch.console_file_limit = 1073741824
[2026-10-03 23:32:36,624] [-1]  INFO {com.atomikos.icatch.config.imp.AbstractUserTransactionService} - USING com.atomikos.icatch.max_timeout = 8000000
[2026-10-03 23:32:36,624] [-1]  INFO {com.atomikos.icatch.config.imp.AbstractUserTransactionService} - USING com.atomikos.icatch.tm_unique_name = 172.18.0.5.tm
[2026-10-03 23:32:36,624] [-1]  INFO {com.atomikos.icatch.config.imp.AbstractUserTransactionService} - USING java.naming.factory.initial = com.sun.jndi.rmi.registry.RegistryContextFactory
[2026-10-03 23:32:36,624] [-1]  INFO {com.atomikos.icatch.config.imp.AbstractUserTransactionService} - USING java.naming.provider.url = rmi://localhost:1099
[2026-10-03 23:32:36,625] [-1]  INFO {com.atomikos.icatch.config.imp.AbstractUserTransactionService} - USING com.atomikos.icatch.service = com.atomikos.icatch.standalone.UserTransactionServiceFactory
[2026-10-03 23:32:36,625] [-1]  INFO {com.atomikos.icatch.config.imp.AbstractUserTransactionService} - USING com.atomikos.icatch.force_shutdown_on_vm_exit = true
[2026-10-03 23:32:36,625] [-1]  INFO {com.atomikos.icatch.config.imp.AbstractUserTransactionService} - USING com.atomikos.icatch.default_jta_timeout = 5000000
