TID: [-1234] [2026-10-04 00:28:59,965]  WARN {org.apache.tomcat.util.net.SSLUtilBase} - jsseUtil.trustedCertNotValid
TID: [-1234] [2026-10-04 00:28:59,971]  WARN {org.apache.tomcat.util.net.SSLUtilBase} - jsseUtil.trustedCertNotValid
TID: [-1234] [2026-10-04 00:28:59,972]  WARN {org.apache.tomcat.util.net.SSLUtilBase} - jsseUtil.trustedCertNotValid
TID: [-1234] [2026-10-04 00:28:59,972]  WARN {org.apache.tomcat.util.net.SSLUtilBase} - jsseUtil.trustedCertNotValid
TID: [-1234] [2026-10-04 00:28:59,973]  WARN {org.apache.tomcat.util.net.SSLUtilBase} - jsseUtil.trustedCertNotValid
TID: [-1234] [2026-10-04 00:28:59,974]  WARN {org.apache.tomcat.util.net.SSLUtilBase} - jsseUtil.trustedCertNotValid
TID: [-1234] [2026-10-04 00:28:59,975]  WARN {org.apache.tomcat.util.net.SSLUtilBase} - jsseUtil.trustedCertNotValid
TID: [-1234] [2026-10-04 00:28:59,976]  WARN {org.apache.tomcat.util.net.SSLUtilBase} - jsseUtil.trustedCertNotValid
TID: [-1234] [2026-10-04 00:28:59,976]  WARN {org.apache.tomcat.util.net.SSLUtilBase} - jsseUtil.trustedCertNotValid
TID: [-1234] [2026-10-04 00:28:59,977]  WARN {org.apache.tomcat.util.net.SSLUtilBase} - jsseUtil.trustedCertNotValid
TID: [-1234] [2026-10-04 00:28:59,977]  WARN {org.apache.tomcat.util.net.SSLUtilBase} - jsseUtil.trustedCertNotValid
TID: [-1234] [2026-10-04 00:28:59,978]  WARN {org.apache.tomcat.util.net.SSLUtilBase} - jsseUtil.trustedCertNotValid
TID: [-1234] [2026-10-04 00:28:59,978]  WARN {org.apache.tomcat.util.net.SSLUtilBase} - jsseUtil.trustedCertNotValid
TID: [-1234] [2026-10-04 00:28:59,979]  WARN {org.apache.tomcat.util.net.SSLUtilBase} - jsseUtil.trustedCertNotValid
TID: [-1234] [2026-10-04 00:28:59,979]  WARN {org.apache.tomcat.util.net.SSLUtilBase} - jsseUtil.trustedCertNotValid
TID: [-1234] [2026-10-04 00:32:31,624]  WARN {org.apache.tomcat.util.net.SSLUtilBase} - jsseUtil.trustedCertNotValid
TID: [-1234] [2026-10-04 00:32:31,625]  WARN {org.apache.tomcat.util.net.SSLUtilBase} - jsseUtil.trustedCertNotValid
TID: [-1234] [2026-10-04 00:32:31,626]  WARN {org.apache.tomcat.util.net.SSLUtilBase} - jsseUtil.trustedCertNotValid
TID: [-1234] [2026-10-04 00:32:31,627]  WARN {org.apache.tomcat.util.net.SSLUtilBase} - jsseUtil.trustedCertNotValid
TID: [-1234] [2026-10-04 00:32:31,627]  WARN {org.apache.tomcat.util.net.SSLUtilBase} - jsseUtil.trustedCertNotValid
TID: [-1234] [2026-10-04 00:32:31,628]  WARN {org.apache.tomcat.util.net.SSLUtilBase} - jsseUtil.trustedCertNotValid
TID: [-1234] [2026-10-04 00:32:31,629]  WARN {org.apache.tomcat.util.net.SSLUtilBase} - jsseUtil.trustedCertNotValid
TID: [-1234] [2026-10-04 00:32:31,629]  WARN {org.apache.tomcat.util.net.SSLUtilBase} - jsseUtil.trustedCertNotValid
TID: [-1234] [2026-10-04 00:32:31,630]  WARN {org.apache.tomcat.util.net.SSLUtilBase} - jsseUtil.trustedCertNotValid
TID: [-1234] [2026-10-04 00:32:31,630]  WARN {org.apache.tomcat.util.net.SSLUtilBase} - jsseUtil.trustedCertNotValid
TID: [-1234] [2026-10-04 00:32:31,631]  WARN {org.apache.tomcat.util.net.SSLUtilBase} - jsseUtil.trustedCertNotValid
TID: [-1234] [2026-10-04 00:32:31,631]  WARN {org.apache.tomcat.util.net.SSLUtilBase} - jsseUtil.trustedCertNotValid
TID: [-1234] [2026-10-04 00:32:31,632]  WARN {org.apache.tomcat.util.net.SSLUtilBase} - jsseUtil.trustedCertNotValid
TID: [-1234] [2026-10-04 00:32:31,632]  WARN {org.apache.tomcat.util.net.SSLUtilBase} - jsseUtil.trustedCertNotValid
TID: [-1234] [2026-10-04 00:32:31,633]  WARN {org.apache.tomcat.util.net.SSLUtilBase} - jsseUtil.trustedCertNotValid
TID: [-1] [2026-10-04 00:53:14,704]  WARN {org.wso2.carbon.mediation.initializer.persistence.APIStore} - Unable to find the item: RelatorioFrotaAPIParse for persistence
TID: [-1234] [2026-10-04 01:02:25,929]  WARN {org.apache.tomcat.util.net.SSLUtilBase} - jsseUtil.trustedCertNotValid
TID: [-1234] [2026-10-04 01:02:25,930]  WARN {org.apache.tomcat.util.net.SSLUtilBase} - jsseUtil.trustedCertNotValid
TID: [-1234] [2026-10-04 01:02:25,931]  WARN {org.apache.tomcat.util.net.SSLUtilBase} - jsseUtil.trustedCertNotValid
TID: [-1234] [2026-10-04 01:02:25,932]  WARN {org.apache.tomcat.util.net.SSLUtilBase} - jsseUtil.trustedCertNotValid
TID: [-1234] [2026-10-04 01:02:25,933]  WARN {org.apache.tomcat.util.net.SSLUtilBase} - jsseUtil.trustedCertNotValid
TID: [-1234] [2026-10-04 01:02:25,934]  WARN {org.apache.tomcat.util.net.SSLUtilBase} - jsseUtil.trustedCertNotValid
TID: [-1234] [2026-10-04 01:02:25,935]  WARN {org.apache.tomcat.util.net.SSLUtilBase} - jsseUtil.trustedCertNotValid
TID: [-1234] [2026-10-04 01:02:25,936]  WARN {org.apache.tomcat.util.net.SSLUtilBase} - jsseUtil.trustedCertNotValid
TID: [-1234] [2026-10-04 01:02:25,936]  WARN {org.apache.tomcat.util.net.SSLUtilBase} - jsseUtil.trustedCertNotValid
TID: [-1234] [2026-10-04 01:02:25,937]  WARN {org.apache.tomcat.util.net.SSLUtilBase} - jsseUtil.trustedCertNotValid
TID: [-1234] [2026-10-04 01:02:25,937]  WARN {org.apache.tomcat.util.net.SSLUtilBase} - jsseUtil.trustedCertNotValid
TID: [-1234] [2026-10-04 01:02:25,938]  WARN {org.apache.tomcat.util.net.SSLUtilBase} - jsseUtil.trustedCertNotValid
TID: [-1234] [2026-10-04 01:02:25,939]  WARN {org.apache.tomcat.util.net.SSLUtilBase} - jsseUtil.trustedCertNotValid
TID: [-1234] [2026-10-04 01:02:25,939]  WARN {org.apache.tomcat.util.net.SSLUtilBase} - jsseUtil.trustedCertNotValid
TID: [-1234] [2026-10-04 01:02:25,940]  WARN {org.apache.tomcat.util.net.SSLUtilBase} - jsseUtil.trustedCertNotValid
TID: [-1] [2026-10-04 01:05:55,079]  WARN {org.apache.synapse.transport.passthru.SourceHandler} - I/O error: Unrecognized SSL message, plaintext connection?
TID: [-1] [2026-10-04 01:05:56,114]  WARN {org.apache.synapse.transport.passthru.SourceHandler} - I/O error: Unrecognized SSL message, plaintext connection?
TID: [-1] [2026-10-04 01:05:56,116]  WARN {org.apache.synapse.transport.passthru.SourceHandler} - I/O error: Unrecognized SSL message, plaintext connection?
TID: [-1] [2026-10-04 01:05:56,119]  WARN {org.apache.synapse.transport.passthru.SourceHandler} - I/O error: Unrecognized SSL message, plaintext connection?
TID: [-1] [2026-10-04 01:09:44,651]  WARN {org.apache.synapse.transport.passthru.ConnectCallback} - Connection refused or failed for : /172.18.0.5:8083
TID: [-1234] [2026-10-04 01:09:44,661]  WARN {org.apache.synapse.endpoints.EndpointContext} - Endpoint : EndpointAplicaçãoDireta with address http://172.18.0.5:8083/v3/relatorios/frota/xml will be marked SUSPENDED as it failed
TID: [-1234] [2026-10-04 01:09:44,662]  WARN {org.apache.synapse.endpoints.EndpointContext} - Suspending endpoint : EndpointAplicaçãoDireta with address http://172.18.0.5:8083/v3/relatorios/frota/xml - current suspend duration is : 30000ms - Next retry after : Sun Oct 04 01:10:14 GMT 2026
TID: [-1] [2026-10-04 01:10:40,814]  WARN {org.apache.synapse.transport.passthru.ConnectCallback} - Connection refused or failed for : /172.18.0.5:8083
TID: [-1234] [2026-10-04 01:10:40,816]  WARN {org.apache.synapse.endpoints.EndpointContext} - Endpoint : EndpointAplicaçãoDireta with address http://172.18.0.5:8083/v3/relatorios/frota/xml will be marked SUSPENDED as it failed
TID: [-1234] [2026-10-04 01:10:40,817]  WARN {org.apache.synapse.endpoints.EndpointContext} - Suspending endpoint : EndpointAplicaçãoDireta with address http://172.18.0.5:8083/v3/relatorios/frota/xml - last suspend duration was : 30000ms and current suspend duration is : 30000ms - Next retry after : Sun Oct 04 01:11:10 GMT 2026
TID: [-1] [2026-10-04 01:22:07,731]  WARN {org.apache.synapse.transport.passthru.ConnectCallback} - Connection refused or failed for : host.docker.internal/192.168.65.254:80
TID: [-1234] [2026-10-04 01:22:07,732]  WARN {org.apache.synapse.endpoints.EndpointContext} - Endpoint : EndpointAplicaçãoDireta with address http://host.docker.internal/v3/relatorios/frota/xml will be marked SUSPENDED as it failed
TID: [-1234] [2026-10-04 01:22:07,733]  WARN {org.apache.synapse.endpoints.EndpointContext} - Suspending endpoint : EndpointAplicaçãoDireta with address http://host.docker.internal/v3/relatorios/frota/xml - current suspend duration is : 30000ms - Next retry after : Sun Oct 04 01:22:37 GMT 2026
TID: [-1234] [2026-10-04 15:07:57,594]  WARN {org.apache.tomcat.util.net.SSLUtilBase} - jsseUtil.trustedCertNotValid
TID: [-1234] [2026-10-04 15:07:57,595]  WARN {org.apache.tomcat.util.net.SSLUtilBase} - jsseUtil.trustedCertNotValid
TID: [-1234] [2026-10-04 15:07:57,596]  WARN {org.apache.tomcat.util.net.SSLUtilBase} - jsseUtil.trustedCertNotValid
TID: [-1234] [2026-10-04 15:07:57,596]  WARN {org.apache.tomcat.util.net.SSLUtilBase} - jsseUtil.trustedCertNotValid
TID: [-1234] [2026-10-04 15:07:57,597]  WARN {org.apache.tomcat.util.net.SSLUtilBase} - jsseUtil.trustedCertNotValid
TID: [-1234] [2026-10-04 15:07:57,597]  WARN {org.apache.tomcat.util.net.SSLUtilBase} - jsseUtil.trustedCertNotValid
TID: [-1234] [2026-10-04 15:07:57,598]  WARN {org.apache.tomcat.util.net.SSLUtilBase} - jsseUtil.trustedCertNotValid
TID: [-1234] [2026-10-04 15:07:57,598]  WARN {org.apache.tomcat.util.net.SSLUtilBase} - jsseUtil.trustedCertNotValid
TID: [-1234] [2026-10-04 15:07:57,599]  WARN {org.apache.tomcat.util.net.SSLUtilBase} - jsseUtil.trustedCertNotValid
TID: [-1234] [2026-10-04 15:07:57,599]  WARN {org.apache.tomcat.util.net.SSLUtilBase} - jsseUtil.trustedCertNotValid
TID: [-1234] [2026-10-04 15:07:57,600]  WARN {org.apache.tomcat.util.net.SSLUtilBase} - jsseUtil.trustedCertNotValid
TID: [-1234] [2026-10-04 15:07:57,601]  WARN {org.apache.tomcat.util.net.SSLUtilBase} - jsseUtil.trustedCertNotValid
TID: [-1234] [2026-10-04 15:07:57,601]  WARN {org.apache.tomcat.util.net.SSLUtilBase} - jsseUtil.trustedCertNotValid
TID: [-1234] [2026-10-04 15:07:57,602]  WARN {org.apache.tomcat.util.net.SSLUtilBase} - jsseUtil.trustedCertNotValid
TID: [-1234] [2026-10-04 15:07:57,602]  WARN {org.apache.tomcat.util.net.SSLUtilBase} - jsseUtil.trustedCertNotValid
